<html>
<body>
<pre>
<h1>µVision Build Log</h1>
<h2>Project:</h2>
E:\STM32\NumRecognize\USER\TEST.uvproj
Project File Date:  03/02/2014

<h2>Output:</h2>
compiling recog.c...
recog.c - 0 Error(s), 0 Warning(s).
Build target 'Target 1'
linking...
Program Size: Code=34612 RO-data=3808 RW-data=384 ZI-data=20088  
FromELF: creating hex file...
"TEST.axf" - 0 Error(s), 0 Warning(s).
Build target 'Target 1'
assembling STM32F10x.s...
compiling main.c...
main.c(128): warning:  #111-D: statement is unreachable
main.c:         return 0;          
main.c:         ^
main.c: main.c: 1 warning, 0 errors
compiling img.c...
compiling memmgr.c...
compiling recog.c...
compiling delay.c...
compiling sys.c...
compiling usart.c...
compiling led.c...
compiling key.c...
compiling exti.c...
compiling wdg.c...
compiling timer.c...
compiling ILI93xx.c...
compiling 24cxx.c...
compiling myiic.c...
compiling touch.c...
compiling ov7670.c...
compiling sccb.c...
compiling usmart.c...
compiling usmart_config.c...
compiling usmart_str.c...
linking...
Program Size: Code=34612 RO-data=3808 RW-data=384 ZI-data=20088  
FromELF: creating hex file...
"TEST.axf" - 0 Error(s), 1 Warning(s).
compiling main.c...
main.c(128): warning:  #111-D: statement is unreachable
main.c:         return 0;          
main.c:         ^
main.c: main.c: 1 warning, 0 errors
main.c - 0 Error(s), 1 Warning(s).
Build target 'Target 1'
linking...
Program Size: Code=34628 RO-data=3808 RW-data=384 ZI-data=20088  
FromELF: creating hex file...
"TEST.axf" - 0 Error(s), 0 Warning(s).
compiling main.c...
main.c(128): warning:  #111-D: statement is unreachable
main.c:         return 0;          
main.c:         ^
main.c: main.c: 1 warning, 0 errors
main.c - 0 Error(s), 1 Warning(s).
compiling recog.c...
recog.c - 0 Error(s), 0 Warning(s).
compiling recog.c...
recog.c - 0 Error(s), 0 Warning(s).
compiling recog.c...
recog.c - 0 Error(s), 0 Warning(s).
Build target 'Target 1'
linking...
Program Size: Code=34632 RO-data=3804 RW-data=384 ZI-data=20088  
FromELF: creating hex file...
"TEST.axf" - 0 Error(s), 0 Warning(s).
Build target 'Target 1'
assembling STM32F10x.s...
compiling main.c...
main.c(128): warning:  #111-D: statement is unreachable
main.c:         return 0;          
main.c:         ^
main.c: main.c: 1 warning, 0 errors
compiling img.c...
compiling memmgr.c...
compiling recog.c...
compiling delay.c...
compiling sys.c...
compiling usart.c...
compiling led.c...
compiling key.c...
compiling exti.c...
compiling wdg.c...
compiling timer.c...
compiling ILI93xx.c...
compiling 24cxx.c...
compiling myiic.c...
compiling touch.c...
compiling ov7670.c...
compiling sccb.c...
compiling usmart.c...
compiling usmart_config.c...
compiling usmart_str.c...
linking...
Program Size: Code=34632 RO-data=3804 RW-data=384 ZI-data=20088  
FromELF: creating hex file...
"TEST.axf" - 0 Error(s), 1 Warning(s).
compiling recog.c...
recog.c - 0 Error(s), 0 Warning(s).
Build target 'Target 1'
linking...
Program Size: Code=34632 RO-data=3804 RW-data=384 ZI-data=20088  
FromELF: creating hex file...
"TEST.axf" - 0 Error(s), 0 Warning(s).
compiling main.c...
main.c(117): error:  #20: identifier "num" is undefined
main.c:                 for (i = 0; i<num; i++) printf("\r\n%c",result[i]);
main.c:                               ^
main.c(130): warning:  #111-D: statement is unreachable
main.c:         return 0;          
main.c:         ^
main.c: main.c: 1 warning, 1 error
main.c - 1 Error(s), 1 Warning(s).
Build target 'Target 1'
compiling main.c...
main.c(117): error:  #20: identifier "num" is undefined
main.c:                 for (i = 0; i<num; i++) printf("\r\n%c",result[i]);
main.c:                               ^
main.c(130): warning:  #111-D: statement is unreachable
main.c:         return 0;          
main.c:         ^
main.c: main.c: 1 warning, 1 error
Target not created
compiling main.c...
main.c(130): warning:  #111-D: statement is unreachable
main.c:         return 0;          
main.c:         ^
main.c: main.c: 1 warning, 0 errors
main.c - 0 Error(s), 1 Warning(s).
Build target 'Target 1'
linking...
Program Size: Code=34668 RO-data=3808 RW-data=384 ZI-data=20088  
FromELF: creating hex file...
"TEST.axf" - 0 Error(s), 0 Warning(s).
compiling recog.c...
recog.c - 0 Error(s), 0 Warning(s).
Build target 'Target 1'
linking...
Program Size: Code=34704 RO-data=3804 RW-data=384 ZI-data=20088  
FromELF: creating hex file...
"TEST.axf" - 0 Error(s), 0 Warning(s).
compiling recog.c...
recog.c - 0 Error(s), 0 Warning(s).
Build target 'Target 1'
linking...
Program Size: Code=34656 RO-data=3804 RW-data=384 ZI-data=20088  
FromELF: creating hex file...
"TEST.axf" - 0 Error(s), 0 Warning(s).
compiling recog.c...
recog.c - 0 Error(s), 0 Warning(s).
Build target 'Target 1'
linking...
Program Size: Code=34672 RO-data=3804 RW-data=384 ZI-data=20088  
FromELF: creating hex file...
"TEST.axf" - 0 Error(s), 0 Warning(s).
compiling recog.c...
recog.c - 0 Error(s), 0 Warning(s).
Build target 'Target 1'
linking...
Program Size: Code=34672 RO-data=3804 RW-data=384 ZI-data=20088  
FromELF: creating hex file...
"TEST.axf" - 0 Error(s), 0 Warning(s).
compiling recog.c...
recog.c - 0 Error(s), 0 Warning(s).
Build target 'Target 1'
linking...
Program Size: Code=34672 RO-data=3804 RW-data=384 ZI-data=20088  
FromELF: creating hex file...
"TEST.axf" - 0 Error(s), 0 Warning(s).
compiling recog.c...
recog.c - 0 Error(s), 0 Warning(s).
Build target 'Target 1'
linking...
Program Size: Code=34664 RO-data=3804 RW-data=384 ZI-data=20088  
FromELF: creating hex file...
"TEST.axf" - 0 Error(s), 0 Warning(s).
compiling main.c...
main.c(130): warning:  #111-D: statement is unreachable
main.c:         return 0;          
main.c:         ^
main.c: main.c: 1 warning, 0 errors
main.c - 0 Error(s), 1 Warning(s).
Build target 'Target 1'
linking...
Program Size: Code=34664 RO-data=3804 RW-data=384 ZI-data=20088  
FromELF: creating hex file...
"TEST.axf" - 0 Error(s), 0 Warning(s).
compiling main.c...
main.c(118): error:  #167: argument of type "u8 **" is incompatible with parameter of type "u8 *"
main.c:                 LCD_ShowString(40,110,200,200,16,&result);
main.c:                                                  ^
main.c(130): warning:  #111-D: statement is unreachable
main.c:         return 0;          
main.c:         ^
main.c: main.c: 1 warning, 1 error
main.c - 1 Error(s), 1 Warning(s).
Build target 'Target 1'
compiling main.c...
main.c(118): error:  #167: argument of type "u8 **" is incompatible with parameter of type "u8 *"
main.c:                 LCD_ShowString(40,110,200,200,16,&result);
main.c:                                                  ^
main.c(130): warning:  #111-D: statement is unreachable
main.c:         return 0;          
main.c:         ^
main.c: main.c: 1 warning, 1 error
Target not created
compiling main.c...
main.c(130): warning:  #111-D: statement is unreachable
main.c:         return 0;          
main.c:         ^
main.c: main.c: 1 warning, 0 errors
main.c - 0 Error(s), 1 Warning(s).
Build target 'Target 1'
linking...
Program Size: Code=34664 RO-data=3804 RW-data=384 ZI-data=20088  
FromELF: creating hex file...
"TEST.axf" - 0 Error(s), 0 Warning(s).
compiling recog.c...
recog.c - 0 Error(s), 0 Warning(s).
Build target 'Target 1'
compiling main.c...
main.c(130): warning:  #111-D: statement is unreachable
main.c:         return 0;          
main.c:         ^
main.c: main.c: 1 warning, 0 errors
linking...
Program Size: Code=34640 RO-data=3804 RW-data=384 ZI-data=20088  
FromELF: creating hex file...
"TEST.axf" - 0 Error(s), 1 Warning(s).
compiling recog.c...
recog.c - 0 Error(s), 0 Warning(s).
Build target 'Target 1'
linking...
Program Size: Code=34640 RO-data=3804 RW-data=384 ZI-data=20088  
FromELF: creating hex file...
"TEST.axf" - 0 Error(s), 0 Warning(s).
compiling main.c...
main.c(130): warning:  #111-D: statement is unreachable
main.c:         return 0;          
main.c:         ^
main.c: main.c: 1 warning, 0 errors
main.c - 0 Error(s), 1 Warning(s).
Build target 'Target 1'
linking...
Program Size: Code=34632 RO-data=3804 RW-data=384 ZI-data=20088  
FromELF: creating hex file...
"TEST.axf" - 0 Error(s), 0 Warning(s).
