<html>
<body>
<pre>
<h1>礦ision Build Log</h1>
<h2>Project:</h2>
E:\STM32\NumRecognize\USER\TEST.uvproj
Project File Date:  03/02/2014

<h2>Output:</h2>
compiling main.c...
main.c(88): warning:  #111-D: statement is unreachable
main.c:         return 0;          
main.c:         ^
main.c(312): warning:  #177-D: variable "img1" was declared but never referenced
main.c:         u8 **img1 = NULL;
main.c:              ^
main.c(315): warning:  #177-D: variable "srcRect" was declared but never referenced
main.c:         DRect srcRect = {0, 0, 0, 0};           //用来保存数字所在的矩形区域
main.c:               ^
main.c(316): warning:  #177-D: variable "dstRect" was declared but never referenced
main.c:         DRect dstRect = {0, 0, 0, 0};
main.c:               ^
main.c(317): warning:  #177-D: variable "h" was declared but never referenced
main.c:         u16 h = 0, w = 0;                       //图像的宽高
main.c:             ^
main.c(317): warning:  #177-D: variable "w" was declared but never referenced
main.c:         u16 h = 0, w = 0;                       //图像的宽高
main.c:                    ^
main.c: main.c: 6 warnings, 0 errors
main.c - 0 Error(s), 6 Warning(s).
Build target 'Target 1'
linking...
Program Size: Code=34140 RO-data=3672 RW-data=384 ZI-data=20088  
FromELF: creating hex file...
"TEST.axf" - 0 Error(s), 0 Warning(s).
compiling main.c...
main.c(88): warning:  #111-D: statement is unreachable
main.c:         return 0;          
main.c:         ^
main.c(312): warning:  #177-D: variable "img1" was declared but never referenced
main.c:         u8 **img1 = NULL;
main.c:              ^
main.c(315): warning:  #177-D: variable "srcRect" was declared but never referenced
main.c:         DRect srcRect = {0, 0, 0, 0};           //用来保存数字所在的矩形区域
main.c:               ^
main.c(316): warning:  #177-D: variable "dstRect" was declared but never referenced
main.c:         DRect dstRect = {0, 0, 0, 0};
main.c:               ^
main.c(317): warning:  #177-D: variable "h" was declared but never referenced
main.c:         u16 h = 0, w = 0;                       //图像的宽高
main.c:             ^
main.c(317): warning:  #177-D: variable "w" was declared but never referenced
main.c:         u16 h = 0, w = 0;                       //图像的宽高
main.c:                    ^
main.c: main.c: 6 warnings, 0 errors
main.c - 0 Error(s), 6 Warning(s).
compiling main.c...
main.c(88): warning:  #111-D: statement is unreachable
main.c:         return 0;          
main.c:         ^
main.c(312): warning:  #177-D: variable "img1" was declared but never referenced
main.c:         u8 **img1 = NULL;
main.c:              ^
main.c(315): warning:  #177-D: variable "srcRect" was declared but never referenced
main.c:         DRect srcRect = {0, 0, 0, 0};           //用来保存数字所在的矩形区域
main.c:               ^
main.c(316): warning:  #177-D: variable "dstRect" was declared but never referenced
main.c:         DRect dstRect = {0, 0, 0, 0};
main.c:               ^
main.c(317): warning:  #177-D: variable "h" was declared but never referenced
main.c:         u16 h = 0, w = 0;                       //图像的宽高
main.c:             ^
main.c(317): warning:  #177-D: variable "w" was declared but never referenced
main.c:         u16 h = 0, w = 0;                       //图像的宽高
main.c:                    ^
main.c: main.c: 6 warnings, 0 errors
main.c - 0 Error(s), 6 Warning(s).
Build target 'Target 1'
linking...
Program Size: Code=34140 RO-data=3672 RW-data=384 ZI-data=20088  
FromELF: creating hex file...
"TEST.axf" - 0 Error(s), 0 Warning(s).
