<html>
<body>
<pre>
<h1>礦ision Build Log</h1>
<h2>Project:</h2>
E:\STM32\NumRecognize\USER\TEST.uvproj
Project File Date:  03/02/2014

<h2>Output:</h2>
compiling main.c...
main.c(90): warning:  #111-D: statement is unreachable
main.c:         return 0;          
main.c:         ^
main.c(315): warning:  #177-D: variable "img1" was declared but never referenced
main.c:         u8 **img1 = NULL;
main.c:              ^
main.c(318): warning:  #177-D: variable "srcRect" was declared but never referenced
main.c:         DRect srcRect = {0, 0, 0, 0};           //用来保存数字所在的矩形区域
main.c:               ^
main.c(319): warning:  #177-D: variable "dstRect" was declared but never referenced
main.c:         DRect dstRect = {0, 0, 0, 0};
main.c:               ^
main.c(320): warning:  #177-D: variable "h" was declared but never referenced
main.c:         u16 h = 0, w = 0;                       //图像的宽高
main.c:             ^
main.c(320): warning:  #177-D: variable "w" was declared but never referenced
main.c:         u16 h = 0, w = 0;                       //图像的宽高
main.c:                    ^
main.c: main.c: 6 warnings, 0 errors
main.c - 0 Error(s), 6 Warning(s).
Build target 'Target 1'
linking...
Program Size: Code=34144 RO-data=3676 RW-data=384 ZI-data=20088  
FromELF: creating hex file...
"TEST.axf" - 0 Error(s), 0 Warning(s).
compiling main.c...
main.c(90): warning:  #111-D: statement is unreachable
main.c:         return 0;          
main.c:         ^
main.c(315): warning:  #177-D: variable "img1" was declared but never referenced
main.c:         u8 **img1 = NULL;
main.c:              ^
main.c(318): warning:  #177-D: variable "srcRect" was declared but never referenced
main.c:         DRect srcRect = {0, 0, 0, 0};           //用来保存数字所在的矩形区域
main.c:               ^
main.c(319): warning:  #177-D: variable "dstRect" was declared but never referenced
main.c:         DRect dstRect = {0, 0, 0, 0};
main.c:               ^
main.c(320): warning:  #177-D: variable "h" was declared but never referenced
main.c:         u16 h = 0, w = 0;                       //图像的宽高
main.c:             ^
main.c(320): warning:  #177-D: variable "w" was declared but never referenced
main.c:         u16 h = 0, w = 0;                       //图像的宽高
main.c:                    ^
main.c: main.c: 6 warnings, 0 errors
main.c - 0 Error(s), 6 Warning(s).
Build target 'Target 1'
assembling STM32F10x.s...
compiling main.c...
main.c(90): warning:  #111-D: statement is unreachable
main.c:         return 0;          
main.c:         ^
main.c(315): warning:  #177-D: variable "img1" was declared but never referenced
main.c:         u8 **img1 = NULL;
main.c:              ^
main.c(318): warning:  #177-D: variable "srcRect" was declared but never referenced
main.c:         DRect srcRect = {0, 0, 0, 0};           //用来保存数字所在的矩形区域
main.c:               ^
main.c(319): warning:  #177-D: variable "dstRect" was declared but never referenced
main.c:         DRect dstRect = {0, 0, 0, 0};
main.c:               ^
main.c(320): warning:  #177-D: variable "h" was declared but never referenced
main.c:         u16 h = 0, w = 0;                       //图像的宽高
main.c:             ^
main.c(320): warning:  #177-D: variable "w" was declared but never referenced
main.c:         u16 h = 0, w = 0;                       //图像的宽高
main.c:                    ^
main.c: main.c: 6 warnings, 0 errors
compiling img.c...
img.c(813): warning:  #177-D: variable "i" was declared but never referenced
img.c:          u16 i,j,count;
img.c:              ^
img.c(813): warning:  #177-D: variable "j" was declared but never referenced
img.c:          u16 i,j,count;
img.c:                ^
img.c(813): warning:  #177-D: variable "count" was declared but never referenced
img.c:          u16 i,j,count;
img.c:                  ^
img.c: img.c: 3 warnings, 0 errors
compiling memmgr.c...
compiling recog.c...
compiling delay.c...
compiling sys.c...
compiling usart.c...
compiling led.c...
compiling key.c...
compiling exti.c...
compiling wdg.c...
compiling timer.c...
compiling ILI93xx.c...
compiling 24cxx.c...
compiling myiic.c...
compiling touch.c...
compiling ov7670.c...
compiling sccb.c...
compiling usmart.c...
compiling usmart_config.c...
compiling usmart_str.c...
linking...
Program Size: Code=34164 RO-data=3672 RW-data=384 ZI-data=20088  
FromELF: creating hex file...
"TEST.axf" - 0 Error(s), 9 Warning(s).
compiling main.c...
main.c(90): warning:  #111-D: statement is unreachable
main.c:         return 0;          
main.c:         ^
main.c(315): warning:  #177-D: variable "img1" was declared but never referenced
main.c:         u8 **img1 = NULL;
main.c:              ^
main.c(318): warning:  #177-D: variable "srcRect" was declared but never referenced
main.c:         DRect srcRect = {0, 0, 0, 0};           //用来保存数字所在的矩形区域
main.c:               ^
main.c(319): warning:  #177-D: variable "dstRect" was declared but never referenced
main.c:         DRect dstRect = {0, 0, 0, 0};
main.c:               ^
main.c(320): warning:  #177-D: variable "h" was declared but never referenced
main.c:         u16 h = 0, w = 0;                       //图像的宽高
main.c:             ^
main.c(320): warning:  #177-D: variable "w" was declared but never referenced
main.c:         u16 h = 0, w = 0;                       //图像的宽高
main.c:                    ^
main.c: main.c: 6 warnings, 0 errors
main.c - 0 Error(s), 6 Warning(s).
Build target 'Target 1'
linking...
Program Size: Code=34152 RO-data=3676 RW-data=384 ZI-data=20088  
FromELF: creating hex file...
"TEST.axf" - 0 Error(s), 0 Warning(s).
Build target 'Target 1'
assembling STM32F10x.s...
compiling main.c...
main.c(90): warning:  #111-D: statement is unreachable
main.c:         return 0;          
main.c:         ^
main.c(315): warning:  #177-D: variable "img1" was declared but never referenced
main.c:         u8 **img1 = NULL;
main.c:              ^
main.c(318): warning:  #177-D: variable "srcRect" was declared but never referenced
main.c:         DRect srcRect = {0, 0, 0, 0};           //用来保存数字所在的矩形区域
main.c:               ^
main.c(319): warning:  #177-D: variable "dstRect" was declared but never referenced
main.c:         DRect dstRect = {0, 0, 0, 0};
main.c:               ^
main.c(320): warning:  #177-D: variable "h" was declared but never referenced
main.c:         u16 h = 0, w = 0;                       //图像的宽高
main.c:             ^
main.c(320): warning:  #177-D: variable "w" was declared but never referenced
main.c:         u16 h = 0, w = 0;                       //图像的宽高
main.c:                    ^
main.c: main.c: 6 warnings, 0 errors
compiling img.c...
img.c(813): warning:  #177-D: variable "i" was declared but never referenced
img.c:          u16 i,j,count;
img.c:              ^
img.c(813): warning:  #177-D: variable "j" was declared but never referenced
img.c:          u16 i,j,count;
img.c:                ^
img.c(813): warning:  #177-D: variable "count" was declared but never referenced
img.c:          u16 i,j,count;
img.c:                  ^
img.c: img.c: 3 warnings, 0 errors
compiling memmgr.c...
compiling recog.c...
compiling delay.c...
compiling sys.c...
compiling usart.c...
compiling led.c...
compiling key.c...
compiling exti.c...
compiling wdg.c...
compiling timer.c...
compiling ILI93xx.c...
compiling 24cxx.c...
compiling myiic.c...
compiling touch.c...
compiling ov7670.c...
compiling sccb.c...
compiling usmart.c...
compiling usmart_config.c...
compiling usmart_str.c...
linking...
Program Size: Code=34152 RO-data=3676 RW-data=384 ZI-data=20088  
FromELF: creating hex file...
"TEST.axf" - 0 Error(s), 9 Warning(s).
compiling main.c...
main.c(90): warning:  #111-D: statement is unreachable
main.c:         return 0;          
main.c:         ^
main.c(315): warning:  #177-D: variable "img1" was declared but never referenced
main.c:         u8 **img1 = NULL;
main.c:              ^
main.c(318): warning:  #177-D: variable "srcRect" was declared but never referenced
main.c:         DRect srcRect = {0, 0, 0, 0};           //用来保存数字所在的矩形区域
main.c:               ^
main.c(319): warning:  #177-D: variable "dstRect" was declared but never referenced
main.c:         DRect dstRect = {0, 0, 0, 0};
main.c:               ^
main.c(320): warning:  #177-D: variable "h" was declared but never referenced
main.c:         u16 h = 0, w = 0;                       //图像的宽高
main.c:             ^
main.c(320): warning:  #177-D: variable "w" was declared but never referenced
main.c:         u16 h = 0, w = 0;                       //图像的宽高
main.c:                    ^
main.c: main.c: 6 warnings, 0 errors
main.c - 0 Error(s), 6 Warning(s).
Build target 'Target 1'
linking...
Program Size: Code=34144 RO-data=3676 RW-data=384 ZI-data=20088  
FromELF: creating hex file...
"TEST.axf" - 0 Error(s), 0 Warning(s).
compiling main.c...
main.c(90): warning:  #111-D: statement is unreachable
main.c:         return 0;          
main.c:         ^
main.c(315): warning:  #177-D: variable "img1" was declared but never referenced
main.c:         u8 **img1 = NULL;
main.c:              ^
main.c(318): warning:  #177-D: variable "srcRect" was declared but never referenced
main.c:         DRect srcRect = {0, 0, 0, 0};           //用来保存数字所在的矩形区域
main.c:               ^
main.c(319): warning:  #177-D: variable "dstRect" was declared but never referenced
main.c:         DRect dstRect = {0, 0, 0, 0};
main.c:               ^
main.c(320): warning:  #177-D: variable "h" was declared but never referenced
main.c:         u16 h = 0, w = 0;                       //图像的宽高
main.c:             ^
main.c(320): warning:  #177-D: variable "w" was declared but never referenced
main.c:         u16 h = 0, w = 0;                       //图像的宽高
main.c:                    ^
main.c: main.c: 6 warnings, 0 errors
main.c - 0 Error(s), 6 Warning(s).
Build target 'Target 1'
linking...
Program Size: Code=34152 RO-data=3676 RW-data=384 ZI-data=20088  
FromELF: creating hex file...
"TEST.axf" - 0 Error(s), 0 Warning(s).
compiling main.c...
main.c(90): warning:  #111-D: statement is unreachable
main.c:         return 0;          
main.c:         ^
main.c(315): warning:  #177-D: variable "img1" was declared but never referenced
main.c:         u8 **img1 = NULL;
main.c:              ^
main.c(318): warning:  #177-D: variable "srcRect" was declared but never referenced
main.c:         DRect srcRect = {0, 0, 0, 0};           //用来保存数字所在的矩形区域
main.c:               ^
main.c(319): warning:  #177-D: variable "dstRect" was declared but never referenced
main.c:         DRect dstRect = {0, 0, 0, 0};
main.c:               ^
main.c(320): warning:  #177-D: variable "h" was declared but never referenced
main.c:         u16 h = 0, w = 0;                       //图像的宽高
main.c:             ^
main.c(320): warning:  #177-D: variable "w" was declared but never referenced
main.c:         u16 h = 0, w = 0;                       //图像的宽高
main.c:                    ^
main.c: main.c: 6 warnings, 0 errors
main.c - 0 Error(s), 6 Warning(s).
Build target 'Target 1'
linking...
Program Size: Code=34156 RO-data=3672 RW-data=384 ZI-data=20088  
FromELF: creating hex file...
"TEST.axf" - 0 Error(s), 0 Warning(s).
compiling main.c...
main.c(90): warning:  #111-D: statement is unreachable
main.c:         return 0;          
main.c:         ^
main.c(315): warning:  #177-D: variable "img1" was declared but never referenced
main.c:         u8 **img1 = NULL;
main.c:              ^
main.c(318): warning:  #177-D: variable "srcRect" was declared but never referenced
main.c:         DRect srcRect = {0, 0, 0, 0};           //用来保存数字所在的矩形区域
main.c:               ^
main.c(319): warning:  #177-D: variable "dstRect" was declared but never referenced
main.c:         DRect dstRect = {0, 0, 0, 0};
main.c:               ^
main.c(320): warning:  #177-D: variable "h" was declared but never referenced
main.c:         u16 h = 0, w = 0;                       //图像的宽高
main.c:             ^
main.c(320): warning:  #177-D: variable "w" was declared but never referenced
main.c:         u16 h = 0, w = 0;                       //图像的宽高
main.c:                    ^
main.c: main.c: 6 warnings, 0 errors
main.c - 0 Error(s), 6 Warning(s).
Build target 'Target 1'
linking...
Program Size: Code=34136 RO-data=3676 RW-data=384 ZI-data=20088  
FromELF: creating hex file...
"TEST.axf" - 0 Error(s), 0 Warning(s).
compiling main.c...
main.c(90): warning:  #111-D: statement is unreachable
main.c:         return 0;          
main.c:         ^
main.c(315): warning:  #177-D: variable "img1" was declared but never referenced
main.c:         u8 **img1 = NULL;
main.c:              ^
main.c(318): warning:  #177-D: variable "srcRect" was declared but never referenced
main.c:         DRect srcRect = {0, 0, 0, 0};           //用来保存数字所在的矩形区域
main.c:               ^
main.c(319): warning:  #177-D: variable "dstRect" was declared but never referenced
main.c:         DRect dstRect = {0, 0, 0, 0};
main.c:               ^
main.c(320): warning:  #177-D: variable "h" was declared but never referenced
main.c:         u16 h = 0, w = 0;                       //图像的宽高
main.c:             ^
main.c(320): warning:  #177-D: variable "w" was declared but never referenced
main.c:         u16 h = 0, w = 0;                       //图像的宽高
main.c:                    ^
main.c: main.c: 6 warnings, 0 errors
main.c - 0 Error(s), 6 Warning(s).
Build target 'Target 1'
linking...
Program Size: Code=34140 RO-data=3672 RW-data=384 ZI-data=20088  
FromELF: creating hex file...
"TEST.axf" - 0 Error(s), 0 Warning(s).
