ARM Linker, 4.1 [Build 481] [Standard]

==============================================================================

Section Cross References

    stm32f10x.o(RESET) refers to stm32f10x.o(STACK) for __initial_sp
    stm32f10x.o(RESET) refers to stm32f10x.o(.text) for Reset_Handler
    stm32f10x.o(RESET) refers to wdg.o(.text) for WWDG_IRQHandler
    stm32f10x.o(RESET) refers to exti.o(.text) for EXTI0_IRQHandler
    stm32f10x.o(RESET) refers to usmart.o(.text) for TIM2_IRQHandler
    stm32f10x.o(RESET) refers to timer.o(.text) for TIM3_IRQHandler
    stm32f10x.o(RESET) refers to usart.o(.text) for USART1_IRQHandler
    stm32f10x.o(.text) refers to entry.o(.ARM.Collect$$$$00000000) for __main
    test.o(.text) refers to printf8.o(i.__0printf$8) for __2printf
    test.o(.text) refers to ili93xx.o(.text) for LCD_Fill
    test.o(.text) refers to ili93xx.o(i.LCD_SetCursor) for LCD_SetCursor
    test.o(.text) refers to sys.o(.text) for Stm32_Clock_Init
    test.o(.text) refers to usart.o(.text) for uart_init
    test.o(.text) refers to delay.o(.text) for delay_init
    test.o(.text) refers to ov7670.o(.text) for OV7670_Init
    test.o(.text) refers to led.o(.text) for LED_Init
    test.o(.text) refers to timer.o(.text) for Timerx_Init
    test.o(.text) refers to exti.o(.text) for EXTI15_Init
    test.o(.text) refers to memmgr.o(.text) for alloc_mem2d_u8
    test.o(.text) refers to exti.o(.data) for ov_sta
    test.o(.text) refers to timer.o(.data) for ov_frame
    test.o(.text) refers to ili93xx.o(.bss) for lcddev
    test.o(.text) refers to usmart_config.o(.data) for usmart_dev
    test.o(.text) refers to ili93xx.o(.data) for POINT_COLOR
    test.o(.text) refers to img.o(.text) for CreateRectLink
    img.o(.text) refers (Special) to dadd.o(.text) for __aeabi_drsub
    img.o(.text) refers to malloc.o(i.malloc) for malloc
    img.o(.text) refers to malloc.o(i.free) for free
    img.o(.text) refers to printf8.o(i.__0printf$8) for __2printf
    img.o(.text) refers to dflti.o(.text) for __aeabi_i2d
    img.o(.text) refers to dfltui.o(.text) for __aeabi_ui2d
    img.o(.text) refers to ddiv.o(.text) for __aeabi_ddiv
    img.o(.text) refers to dmul.o(.text) for __aeabi_dmul
    img.o(.text) refers to dfixui.o(.text) for __aeabi_d2uiz
    img.o(.text) refers to cdcmple.o(.text) for __aeabi_cdcmple
    img.o(.text) refers to img.o(.constdata) for .constdata
    img.o(.text) refers to cdrcmple.o(.text) for __aeabi_cdrcmple
    img.o(.constdata) refers (Special) to dadd.o(.text) for __aeabi_drsub
    memmgr.o(.text) refers to malloc.o(i.malloc) for malloc
    memmgr.o(.text) refers to printf8.o(i.__0printf$8) for __2printf
    memmgr.o(.text) refers to ili93xx.o(.text) for LCD_ShowString
    memmgr.o(.text) refers to malloc.o(i.free) for free
    recog.o(.text) refers (Special) to dadd.o(.text) for __aeabi_dsub
    recog.o(.text) refers to memseta.o(.text) for __aeabi_memclr4
    recog.o(.text) refers to dfltui.o(.text) for __aeabi_ui2d
    recog.o(.text) refers to dfixi.o(.text) for __aeabi_d2iz
    recog.o(.text) refers to dflti.o(.text) for __aeabi_i2d
    recog.o(.text) refers to cdcmple.o(.text) for __aeabi_cdcmple
    delay.o(.text) refers to delay.o(.data) for fac_us
    sys.o(.text) refers to sys.o(.emb_text) for WFI_SET
    usart.o(.text) refers to ffltui.o(.text) for __aeabi_ui2f
    usart.o(.text) refers to fdiv.o(.text) for __aeabi_fdiv
    usart.o(.text) refers to ffixui.o(.text) for __aeabi_f2uiz
    usart.o(.text) refers to fadd.o(.text) for __aeabi_frsub
    usart.o(.text) refers to fmul.o(.text) for __aeabi_fmul
    usart.o(.text) refers to sys.o(.text) for MY_NVIC_Init
    usart.o(.text) refers to usart.o(.data) for USART_RX_STA
    usart.o(.text) refers to usart.o(.bss) for USART_RX_BUF
    key.o(.text) refers to sys.o(.text) for JTAG_Set
    key.o(.text) refers to delay.o(.text) for delay_ms
    key.o(.text) refers to key.o(.data) for key_up
    exti.o(.text) refers to delay.o(.text) for delay_ms
    exti.o(.text) refers to sys.o(.text) for JTAG_Set
    exti.o(.text) refers to exti.o(.data) for ov_sta
    wdg.o(.text) refers to sys.o(.text) for MY_NVIC_Init
    wdg.o(.text) refers to wdg.o(.data) for WWDG_CNT
    timer.o(.text) refers to sys.o(.text) for MY_NVIC_Init
    timer.o(.text) refers to timer.o(.data) for ov_frame
    ili93xx.o(.text) refers to delay.o(.text) for delay_us
    ili93xx.o(.text) refers to ili93xx.o(i.LCD_SetCursor) for LCD_SetCursor
    ili93xx.o(.text) refers to ili93xx.o(.bss) for lcddev
    ili93xx.o(.text) refers to sys.o(.text) for JTAG_Set
    ili93xx.o(.text) refers to ili93xx.o(.data) for POINT_COLOR
    ili93xx.o(.text) refers to printf8.o(i.__0printf$8) for __2printf
    ili93xx.o(.text) refers to ili93xx.o(.constdata) for asc2_1206
    24cxx.o(.text) refers to myiic.o(.text) for IIC_Init
    24cxx.o(.text) refers to delay.o(.text) for delay_ms
    myiic.o(.text) refers to delay.o(.text) for delay_us
    touch.o(.text) refers to delay.o(.text) for delay_us
    touch.o(.text) refers to ili93xx.o(.text) for LCD_DrawLine
    touch.o(.text) refers to fflti.o(.text) for __aeabi_i2f
    touch.o(.text) refers to ffltui.o(.text) for __aeabi_ui2f
    touch.o(.text) refers to fmul.o(.text) for __aeabi_fmul
    touch.o(.text) refers to fadd.o(.text) for __aeabi_fadd
    touch.o(.text) refers to ffixui.o(.text) for __aeabi_f2uiz
    touch.o(.text) refers to ffixi.o(.text) for __aeabi_f2iz
    touch.o(.text) refers to 24cxx.o(.text) for AT24CXX_WriteLenByte
    touch.o(.text) refers to touch.o(.data) for CMD_RDX
    touch.o(.text) refers to ili93xx.o(.data) for POINT_COLOR
    touch.o(.text) refers to fdiv.o(.text) for __aeabi_fdiv
    touch.o(.text) refers to dfltui.o(.text) for __aeabi_ui2d
    touch.o(.text) refers to sqrt.o(i.sqrt) for sqrt
    touch.o(.text) refers to dfixui.o(.text) for __aeabi_d2uiz
    touch.o(.text) refers to ili93xx.o(.bss) for lcddev
    touch.o(.text) refers to f2d.o(.text) for __aeabi_f2d
    touch.o(.text) refers to cdcmple.o(.text) for __aeabi_cdcmple
    touch.o(.text) refers to cdrcmple.o(.text) for __aeabi_cdrcmple
    touch.o(.data) refers to touch.o(.text) for TP_Init
    touch.o(.data) refers to touch.o(.conststring) for .conststring
    ov7670.o(.text) refers to sys.o(.text) for JTAG_Set
    ov7670.o(.text) refers to sccb.o(.text) for SCCB_Init
    ov7670.o(.text) refers to delay.o(.text) for delay_ms
    ov7670.o(.text) refers to ov7670.o(.constdata) for ov7670_init_reg_tbl
    sccb.o(.text) refers to delay.o(.text) for delay_us
    usmart.o(.text) refers to usmart_str.o(.text) for usmart_get_cmdname
    usmart.o(.text) refers to printf8.o(i.__0printf$8) for __2printf
    usmart.o(.text) refers to usmart.o(.data) for sys_cmd_tab
    usmart.o(.text) refers to usmart_config.o(.data) for usmart_dev
    usmart.o(.text) refers to sys.o(.text) for MY_NVIC_Init
    usmart.o(.text) refers to usart.o(.data) for USART_RX_STA
    usmart.o(.text) refers to usart.o(.bss) for USART_RX_BUF
    usmart.o(.data) refers to usmart.o(.conststring) for .conststring
    usmart_config.o(.data) refers to usmart.o(.text) for read_addr
    usmart_config.o(.data) refers to usmart_config.o(.conststring) for .conststring
    usmart_config.o(.data) refers to delay.o(.text) for delay_ms
    usmart_config.o(.data) refers to sccb.o(.text) for SCCB_WR_Reg
    usmart_config.o(.data) refers to ov7670.o(.text) for OV7670_Light_Mode
    usmart_str.o(.text) refers to usmart_config.o(.data) for usmart_dev
    sqrt.o(i.__softfp_sqrt) refers (Special) to iusefp.o(.text) for __I$use$fp
    sqrt.o(i.__softfp_sqrt) refers to dsqrt.o(.text) for _dsqrt
    sqrt.o(i.__softfp_sqrt) refers to errno.o(i.__set_errno) for __set_errno
    sqrt.o(i.sqrt) refers (Special) to iusefp.o(.text) for __I$use$fp
    sqrt.o(i.sqrt) refers to dsqrt.o(.text) for _dsqrt
    sqrt.o(i.sqrt) refers to errno.o(i.__set_errno) for __set_errno
    sqrt_x.o(i.____softfp_sqrt$lsc) refers (Special) to iusefp.o(.text) for __I$use$fp
    sqrt_x.o(i.____softfp_sqrt$lsc) refers to cdcmple.o(.text) for __aeabi_cdcmple
    sqrt_x.o(i.____softfp_sqrt$lsc) refers to errno.o(i.__set_errno) for __set_errno
    sqrt_x.o(i.____softfp_sqrt$lsc) refers to dsqrt.o(.text) for _dsqrt
    sqrt_x.o(i.__sqrt$lsc) refers (Special) to iusefp.o(.text) for __I$use$fp
    sqrt_x.o(i.__sqrt$lsc) refers to cdcmple.o(.text) for __aeabi_cdcmple
    sqrt_x.o(i.__sqrt$lsc) refers to errno.o(i.__set_errno) for __set_errno
    sqrt_x.o(i.__sqrt$lsc) refers to dsqrt.o(.text) for _dsqrt
    entry.o(.ARM.Collect$$$$00000000) refers (Special) to entry7.o(.ARM.Collect$$$$00000007) for _main_init
    entry.o(.ARM.Collect$$$$00000000) refers (Special) to entry5.o(.ARM.Collect$$$$00000004) for _main_scatterload
    entry.o(.ARM.Collect$$$$00000000) refers (Special) to entry2.o(.ARM.Collect$$$$00000001) for _main_stk
    printfb.o(i.__0fprintf$bare) refers to printfb.o(i._printf_core) for _printf_core
    printfb.o(i.__0fprintf$bare) refers to usart.o(.text) for fputc
    printfb.o(i.__0printf$bare) refers to printfb.o(i._printf_core) for _printf_core
    printfb.o(i.__0printf$bare) refers to usart.o(.text) for fputc
    printfb.o(i.__0printf$bare) refers to usart.o(.data) for __stdout
    printfb.o(i.__0snprintf$bare) refers to printfb.o(i._printf_core) for _printf_core
    printfb.o(i.__0snprintf$bare) refers to printfb.o(i._snputc) for _snputc
    printfb.o(i.__0sprintf$bare) refers to printfb.o(i._printf_core) for _printf_core
    printfb.o(i.__0sprintf$bare) refers to printfb.o(i._sputc) for _sputc
    printfb.o(i.__0vfprintf$bare) refers to printfb.o(i._printf_core) for _printf_core
    printfb.o(i.__0vfprintf$bare) refers to usart.o(.text) for fputc
    printfb.o(i.__0vprintf$bare) refers to printfb.o(i._printf_core) for _printf_core
    printfb.o(i.__0vprintf$bare) refers to usart.o(.text) for fputc
    printfb.o(i.__0vprintf$bare) refers to usart.o(.data) for __stdout
    printfb.o(i.__0vsnprintf$bare) refers to printfb.o(i._printf_core) for _printf_core
    printfb.o(i.__0vsnprintf$bare) refers to printfb.o(i._snputc) for _snputc
    printfb.o(i.__0vsprintf$bare) refers to printfb.o(i._printf_core) for _printf_core
    printfb.o(i.__0vsprintf$bare) refers to printfb.o(i._sputc) for _sputc
    printf0.o(i.__0fprintf$0) refers to printf0.o(i._printf_core) for _printf_core
    printf0.o(i.__0fprintf$0) refers to usart.o(.text) for fputc
    printf0.o(i.__0printf$0) refers to printf0.o(i._printf_core) for _printf_core
    printf0.o(i.__0printf$0) refers to usart.o(.text) for fputc
    printf0.o(i.__0printf$0) refers to usart.o(.data) for __stdout
    printf0.o(i.__0snprintf$0) refers to printf0.o(i._printf_core) for _printf_core
    printf0.o(i.__0snprintf$0) refers to printf0.o(i._snputc) for _snputc
    printf0.o(i.__0sprintf$0) refers to printf0.o(i._printf_core) for _printf_core
    printf0.o(i.__0sprintf$0) refers to printf0.o(i._sputc) for _sputc
    printf0.o(i.__0vfprintf$0) refers to printf0.o(i._printf_core) for _printf_core
    printf0.o(i.__0vfprintf$0) refers to usart.o(.text) for fputc
    printf0.o(i.__0vprintf$0) refers to printf0.o(i._printf_core) for _printf_core
    printf0.o(i.__0vprintf$0) refers to usart.o(.text) for fputc
    printf0.o(i.__0vprintf$0) refers to usart.o(.data) for __stdout
    printf0.o(i.__0vsnprintf$0) refers to printf0.o(i._printf_core) for _printf_core
    printf0.o(i.__0vsnprintf$0) refers to printf0.o(i._snputc) for _snputc
    printf0.o(i.__0vsprintf$0) refers to printf0.o(i._printf_core) for _printf_core
    printf0.o(i.__0vsprintf$0) refers to printf0.o(i._sputc) for _sputc
    printf1.o(i.__0fprintf$1) refers to printf1.o(i._printf_core) for _printf_core
    printf1.o(i.__0fprintf$1) refers to usart.o(.text) for fputc
    printf1.o(i.__0printf$1) refers to printf1.o(i._printf_core) for _printf_core
    printf1.o(i.__0printf$1) refers to usart.o(.text) for fputc
    printf1.o(i.__0printf$1) refers to usart.o(.data) for __stdout
    printf1.o(i.__0snprintf$1) refers to printf1.o(i._printf_core) for _printf_core
    printf1.o(i.__0snprintf$1) refers to printf1.o(i._snputc) for _snputc
    printf1.o(i.__0sprintf$1) refers to printf1.o(i._printf_core) for _printf_core
    printf1.o(i.__0sprintf$1) refers to printf1.o(i._sputc) for _sputc
    printf1.o(i.__0vfprintf$1) refers to printf1.o(i._printf_core) for _printf_core
    printf1.o(i.__0vfprintf$1) refers to usart.o(.text) for fputc
    printf1.o(i.__0vprintf$1) refers to printf1.o(i._printf_core) for _printf_core
    printf1.o(i.__0vprintf$1) refers to usart.o(.text) for fputc
    printf1.o(i.__0vprintf$1) refers to usart.o(.data) for __stdout
    printf1.o(i.__0vsnprintf$1) refers to printf1.o(i._printf_core) for _printf_core
    printf1.o(i.__0vsnprintf$1) refers to printf1.o(i._snputc) for _snputc
    printf1.o(i.__0vsprintf$1) refers to printf1.o(i._printf_core) for _printf_core
    printf1.o(i.__0vsprintf$1) refers to printf1.o(i._sputc) for _sputc
    printf1.o(i._printf_core) refers to uidiv.o(.text) for __aeabi_uidivmod
    printf2.o(i.__0fprintf$2) refers to printf2.o(i._printf_core) for _printf_core
    printf2.o(i.__0fprintf$2) refers to usart.o(.text) for fputc
    printf2.o(i.__0printf$2) refers to printf2.o(i._printf_core) for _printf_core
    printf2.o(i.__0printf$2) refers to usart.o(.text) for fputc
    printf2.o(i.__0printf$2) refers to usart.o(.data) for __stdout
    printf2.o(i.__0snprintf$2) refers to printf2.o(i._printf_core) for _printf_core
    printf2.o(i.__0snprintf$2) refers to printf2.o(i._snputc) for _snputc
    printf2.o(i.__0sprintf$2) refers to printf2.o(i._printf_core) for _printf_core
    printf2.o(i.__0sprintf$2) refers to printf2.o(i._sputc) for _sputc
    printf2.o(i.__0vfprintf$2) refers to printf2.o(i._printf_core) for _printf_core
    printf2.o(i.__0vfprintf$2) refers to usart.o(.text) for fputc
    printf2.o(i.__0vprintf$2) refers to printf2.o(i._printf_core) for _printf_core
    printf2.o(i.__0vprintf$2) refers to usart.o(.text) for fputc
    printf2.o(i.__0vprintf$2) refers to usart.o(.data) for __stdout
    printf2.o(i.__0vsnprintf$2) refers to printf2.o(i._printf_core) for _printf_core
    printf2.o(i.__0vsnprintf$2) refers to printf2.o(i._snputc) for _snputc
    printf2.o(i.__0vsprintf$2) refers to printf2.o(i._printf_core) for _printf_core
    printf2.o(i.__0vsprintf$2) refers to printf2.o(i._sputc) for _sputc
    printf3.o(i.__0fprintf$3) refers to printf3.o(i._printf_core) for _printf_core
    printf3.o(i.__0fprintf$3) refers to usart.o(.text) for fputc
    printf3.o(i.__0printf$3) refers to printf3.o(i._printf_core) for _printf_core
    printf3.o(i.__0printf$3) refers to usart.o(.text) for fputc
    printf3.o(i.__0printf$3) refers to usart.o(.data) for __stdout
    printf3.o(i.__0snprintf$3) refers to printf3.o(i._printf_core) for _printf_core
    printf3.o(i.__0snprintf$3) refers to printf3.o(i._snputc) for _snputc
    printf3.o(i.__0sprintf$3) refers to printf3.o(i._printf_core) for _printf_core
    printf3.o(i.__0sprintf$3) refers to printf3.o(i._sputc) for _sputc
    printf3.o(i.__0vfprintf$3) refers to printf3.o(i._printf_core) for _printf_core
    printf3.o(i.__0vfprintf$3) refers to usart.o(.text) for fputc
    printf3.o(i.__0vprintf$3) refers to printf3.o(i._printf_core) for _printf_core
    printf3.o(i.__0vprintf$3) refers to usart.o(.text) for fputc
    printf3.o(i.__0vprintf$3) refers to usart.o(.data) for __stdout
    printf3.o(i.__0vsnprintf$3) refers to printf3.o(i._printf_core) for _printf_core
    printf3.o(i.__0vsnprintf$3) refers to printf3.o(i._snputc) for _snputc
    printf3.o(i.__0vsprintf$3) refers to printf3.o(i._printf_core) for _printf_core
    printf3.o(i.__0vsprintf$3) refers to printf3.o(i._sputc) for _sputc
    printf3.o(i._printf_core) refers to uidiv.o(.text) for __aeabi_uidivmod
    printf4.o(i.__0fprintf$4) refers to printf4.o(i._printf_core) for _printf_core
    printf4.o(i.__0fprintf$4) refers to usart.o(.text) for fputc
    printf4.o(i.__0printf$4) refers to printf4.o(i._printf_core) for _printf_core
    printf4.o(i.__0printf$4) refers to usart.o(.text) for fputc
    printf4.o(i.__0printf$4) refers to usart.o(.data) for __stdout
    printf4.o(i.__0snprintf$4) refers to printf4.o(i._printf_core) for _printf_core
    printf4.o(i.__0snprintf$4) refers to printf4.o(i._snputc) for _snputc
    printf4.o(i.__0sprintf$4) refers to printf4.o(i._printf_core) for _printf_core
    printf4.o(i.__0sprintf$4) refers to printf4.o(i._sputc) for _sputc
    printf4.o(i.__0vfprintf$4) refers to printf4.o(i._printf_core) for _printf_core
    printf4.o(i.__0vfprintf$4) refers to usart.o(.text) for fputc
    printf4.o(i.__0vprintf$4) refers to printf4.o(i._printf_core) for _printf_core
    printf4.o(i.__0vprintf$4) refers to usart.o(.text) for fputc
    printf4.o(i.__0vprintf$4) refers to usart.o(.data) for __stdout
    printf4.o(i.__0vsnprintf$4) refers to printf4.o(i._printf_core) for _printf_core
    printf4.o(i.__0vsnprintf$4) refers to printf4.o(i._snputc) for _snputc
    printf4.o(i.__0vsprintf$4) refers to printf4.o(i._printf_core) for _printf_core
    printf4.o(i.__0vsprintf$4) refers to printf4.o(i._sputc) for _sputc
    printf4.o(i._printf_core) refers to uldiv.o(.text) for __aeabi_uldivmod
    printf5.o(i.__0fprintf$5) refers to printf5.o(i._printf_core) for _printf_core
    printf5.o(i.__0fprintf$5) refers to usart.o(.text) for fputc
    printf5.o(i.__0printf$5) refers to printf5.o(i._printf_core) for _printf_core
    printf5.o(i.__0printf$5) refers to usart.o(.text) for fputc
    printf5.o(i.__0printf$5) refers to usart.o(.data) for __stdout
    printf5.o(i.__0snprintf$5) refers to printf5.o(i._printf_core) for _printf_core
    printf5.o(i.__0snprintf$5) refers to printf5.o(i._snputc) for _snputc
    printf5.o(i.__0sprintf$5) refers to printf5.o(i._printf_core) for _printf_core
    printf5.o(i.__0sprintf$5) refers to printf5.o(i._sputc) for _sputc
    printf5.o(i.__0vfprintf$5) refers to printf5.o(i._printf_core) for _printf_core
    printf5.o(i.__0vfprintf$5) refers to usart.o(.text) for fputc
    printf5.o(i.__0vprintf$5) refers to printf5.o(i._printf_core) for _printf_core
    printf5.o(i.__0vprintf$5) refers to usart.o(.text) for fputc
    printf5.o(i.__0vprintf$5) refers to usart.o(.data) for __stdout
    printf5.o(i.__0vsnprintf$5) refers to printf5.o(i._printf_core) for _printf_core
    printf5.o(i.__0vsnprintf$5) refers to printf5.o(i._snputc) for _snputc
    printf5.o(i.__0vsprintf$5) refers to printf5.o(i._printf_core) for _printf_core
    printf5.o(i.__0vsprintf$5) refers to printf5.o(i._sputc) for _sputc
    printf5.o(i._printf_core) refers to uldiv.o(.text) for __aeabi_uldivmod
    printf6.o(i.__0fprintf$6) refers to printf6.o(i._printf_core) for _printf_core
    printf6.o(i.__0fprintf$6) refers to usart.o(.text) for fputc
    printf6.o(i.__0printf$6) refers to printf6.o(i._printf_core) for _printf_core
    printf6.o(i.__0printf$6) refers to usart.o(.text) for fputc
    printf6.o(i.__0printf$6) refers to usart.o(.data) for __stdout
    printf6.o(i.__0snprintf$6) refers to printf6.o(i._printf_core) for _printf_core
    printf6.o(i.__0snprintf$6) refers to printf6.o(i._snputc) for _snputc
    printf6.o(i.__0sprintf$6) refers to printf6.o(i._printf_core) for _printf_core
    printf6.o(i.__0sprintf$6) refers to printf6.o(i._sputc) for _sputc
    printf6.o(i.__0vfprintf$6) refers to printf6.o(i._printf_core) for _printf_core
    printf6.o(i.__0vfprintf$6) refers to usart.o(.text) for fputc
    printf6.o(i.__0vprintf$6) refers to printf6.o(i._printf_core) for _printf_core
    printf6.o(i.__0vprintf$6) refers to usart.o(.text) for fputc
    printf6.o(i.__0vprintf$6) refers to usart.o(.data) for __stdout
    printf6.o(i.__0vsnprintf$6) refers to printf6.o(i._printf_core) for _printf_core
    printf6.o(i.__0vsnprintf$6) refers to printf6.o(i._snputc) for _snputc
    printf6.o(i.__0vsprintf$6) refers to printf6.o(i._printf_core) for _printf_core
    printf6.o(i.__0vsprintf$6) refers to printf6.o(i._sputc) for _sputc
    printf6.o(i._printf_core) refers to printf6.o(i._printf_pre_padding) for _printf_pre_padding
    printf6.o(i._printf_core) refers to uidiv.o(.text) for __aeabi_uidivmod
    printf6.o(i._printf_core) refers to printf6.o(i._printf_post_padding) for _printf_post_padding
    printf7.o(i.__0fprintf$7) refers to printf7.o(i._printf_core) for _printf_core
    printf7.o(i.__0fprintf$7) refers to usart.o(.text) for fputc
    printf7.o(i.__0printf$7) refers to printf7.o(i._printf_core) for _printf_core
    printf7.o(i.__0printf$7) refers to usart.o(.text) for fputc
    printf7.o(i.__0printf$7) refers to usart.o(.data) for __stdout
    printf7.o(i.__0snprintf$7) refers to printf7.o(i._printf_core) for _printf_core
    printf7.o(i.__0snprintf$7) refers to printf7.o(i._snputc) for _snputc
    printf7.o(i.__0sprintf$7) refers to printf7.o(i._printf_core) for _printf_core
    printf7.o(i.__0sprintf$7) refers to printf7.o(i._sputc) for _sputc
    printf7.o(i.__0vfprintf$7) refers to printf7.o(i._printf_core) for _printf_core
    printf7.o(i.__0vfprintf$7) refers to usart.o(.text) for fputc
    printf7.o(i.__0vprintf$7) refers to printf7.o(i._printf_core) for _printf_core
    printf7.o(i.__0vprintf$7) refers to usart.o(.text) for fputc
    printf7.o(i.__0vprintf$7) refers to usart.o(.data) for __stdout
    printf7.o(i.__0vsnprintf$7) refers to printf7.o(i._printf_core) for _printf_core
    printf7.o(i.__0vsnprintf$7) refers to printf7.o(i._snputc) for _snputc
    printf7.o(i.__0vsprintf$7) refers to printf7.o(i._printf_core) for _printf_core
    printf7.o(i.__0vsprintf$7) refers to printf7.o(i._sputc) for _sputc
    printf7.o(i._printf_core) refers to printf7.o(i._printf_pre_padding) for _printf_pre_padding
    printf7.o(i._printf_core) refers to uldiv.o(.text) for __aeabi_uldivmod
    printf7.o(i._printf_core) refers to printf7.o(i._printf_post_padding) for _printf_post_padding
    printf8.o(i.__0fprintf$8) refers to printf8.o(i._printf_core) for _printf_core
    printf8.o(i.__0fprintf$8) refers to usart.o(.text) for fputc
    printf8.o(i.__0printf$8) refers to printf8.o(i._printf_core) for _printf_core
    printf8.o(i.__0printf$8) refers to usart.o(.text) for fputc
    printf8.o(i.__0printf$8) refers to usart.o(.data) for __stdout
    printf8.o(i.__0snprintf$8) refers to printf8.o(i._printf_core) for _printf_core
    printf8.o(i.__0snprintf$8) refers to printf8.o(i._snputc) for _snputc
    printf8.o(i.__0sprintf$8) refers to printf8.o(i._printf_core) for _printf_core
    printf8.o(i.__0sprintf$8) refers to printf8.o(i._sputc) for _sputc
    printf8.o(i.__0vfprintf$8) refers to printf8.o(i._printf_core) for _printf_core
    printf8.o(i.__0vfprintf$8) refers to usart.o(.text) for fputc
    printf8.o(i.__0vprintf$8) refers to printf8.o(i._printf_core) for _printf_core
    printf8.o(i.__0vprintf$8) refers to usart.o(.text) for fputc
    printf8.o(i.__0vprintf$8) refers to usart.o(.data) for __stdout
    printf8.o(i.__0vsnprintf$8) refers to printf8.o(i._printf_core) for _printf_core
    printf8.o(i.__0vsnprintf$8) refers to printf8.o(i._snputc) for _snputc
    printf8.o(i.__0vsprintf$8) refers to printf8.o(i._printf_core) for _printf_core
    printf8.o(i.__0vsprintf$8) refers to printf8.o(i._sputc) for _sputc
    printf8.o(i._printf_core) refers to printf8.o(i._printf_pre_padding) for _printf_pre_padding
    printf8.o(i._printf_core) refers to uldiv.o(.text) for __aeabi_uldivmod
    printf8.o(i._printf_core) refers to printf8.o(i._printf_post_padding) for _printf_post_padding
    printfa.o(i.__0fprintf) refers (Special) to iusefp.o(.text) for __I$use$fp
    printfa.o(i.__0fprintf) refers to printfa.o(i._printf_core) for _printf_core
    printfa.o(i.__0fprintf) refers to usart.o(.text) for fputc
    printfa.o(i.__0printf) refers (Special) to iusefp.o(.text) for __I$use$fp
    printfa.o(i.__0printf) refers to printfa.o(i._printf_core) for _printf_core
    printfa.o(i.__0printf) refers to usart.o(.text) for fputc
    printfa.o(i.__0printf) refers to usart.o(.data) for __stdout
    printfa.o(i.__0snprintf) refers (Special) to iusefp.o(.text) for __I$use$fp
    printfa.o(i.__0snprintf) refers to printfa.o(i._printf_core) for _printf_core
    printfa.o(i.__0snprintf) refers to printfa.o(i._snputc) for _snputc
    printfa.o(i.__0sprintf) refers (Special) to iusefp.o(.text) for __I$use$fp
    printfa.o(i.__0sprintf) refers to printfa.o(i._printf_core) for _printf_core
    printfa.o(i.__0sprintf) refers to printfa.o(i._sputc) for _sputc
    printfa.o(i.__0vfprintf) refers (Special) to iusefp.o(.text) for __I$use$fp
    printfa.o(i.__0vfprintf) refers to printfa.o(i._printf_core) for _printf_core
    printfa.o(i.__0vfprintf) refers to usart.o(.text) for fputc
    printfa.o(i.__0vprintf) refers (Special) to iusefp.o(.text) for __I$use$fp
    printfa.o(i.__0vprintf) refers to printfa.o(i._printf_core) for _printf_core
    printfa.o(i.__0vprintf) refers to usart.o(.text) for fputc
    printfa.o(i.__0vprintf) refers to usart.o(.data) for __stdout
    printfa.o(i.__0vsnprintf) refers (Special) to iusefp.o(.text) for __I$use$fp
    printfa.o(i.__0vsnprintf) refers to printfa.o(i._printf_core) for _printf_core
    printfa.o(i.__0vsnprintf) refers to printfa.o(i._snputc) for _snputc
    printfa.o(i.__0vsprintf) refers (Special) to iusefp.o(.text) for __I$use$fp
    printfa.o(i.__0vsprintf) refers to printfa.o(i._printf_core) for _printf_core
    printfa.o(i.__0vsprintf) refers to printfa.o(i._sputc) for _sputc
    printfa.o(i._fp_digits) refers (Special) to iusefp.o(.text) for __I$use$fp
    printfa.o(i._fp_digits) refers to dmul.o(.text) for __aeabi_dmul
    printfa.o(i._fp_digits) refers to ddiv.o(.text) for __aeabi_ddiv
    printfa.o(i._fp_digits) refers to cdrcmple.o(.text) for __aeabi_cdrcmple
    printfa.o(i._fp_digits) refers to dadd.o(.text) for __aeabi_dadd
    printfa.o(i._fp_digits) refers to dfixul.o(.text) for __aeabi_d2ulz
    printfa.o(i._fp_digits) refers to uldiv.o(.text) for __aeabi_uldivmod
    printfa.o(i._printf_core) refers (Special) to iusefp.o(.text) for __I$use$fp
    printfa.o(i._printf_core) refers to printfa.o(i._printf_pre_padding) for _printf_pre_padding
    printfa.o(i._printf_core) refers to uldiv.o(.text) for __aeabi_uldivmod
    printfa.o(i._printf_core) refers to printfa.o(i._printf_post_padding) for _printf_post_padding
    printfa.o(i._printf_core) refers to printfa.o(i._fp_digits) for _fp_digits
    printfa.o(i._printf_core) refers to uidiv.o(.text) for __aeabi_uidivmod
    printfa.o(i._printf_post_padding) refers (Special) to iusefp.o(.text) for __I$use$fp
    printfa.o(i._printf_pre_padding) refers (Special) to iusefp.o(.text) for __I$use$fp
    printfa.o(i._snputc) refers (Special) to iusefp.o(.text) for __I$use$fp
    printfa.o(i._sputc) refers (Special) to iusefp.o(.text) for __I$use$fp
    malloc.o(i.free) refers to mvars.o(.data) for __microlib_freelist
    malloc.o(i.malloc) refers to mvars.o(.data) for __microlib_freelist_initialised
    malloc.o(i.malloc) refers to mvars.o(.data) for __microlib_freelist
    malloc.o(i.malloc) refers to stm32f10x.o(HEAP) for __heap_base
    mallocr.o(i.__free$realloc) refers to mvars.o(.data) for __microlib_freelist
    mallocr.o(i.__malloc$realloc) refers to mallocr.o(i.internal_alloc) for internal_alloc
    mallocr.o(i.__malloc$realloc) refers to mvars.o(.data) for __microlib_freelist_initialised
    mallocr.o(i.__malloc$realloc) refers to stm32f10x.o(HEAP) for __heap_base
    mallocr.o(i.__malloc$realloc) refers to mvars.o(.data) for __microlib_freelist
    mallocr.o(i.internal_alloc) refers to memcpya.o(.text) for __aeabi_memcpy
    mallocr.o(i.internal_alloc) refers to mvars.o(.data) for __microlib_freelist
    mallocr.o(i.realloc) refers to mallocr.o(i.__free$realloc) for __free$realloc
    mallocr.o(i.realloc) refers to mallocr.o(i.internal_alloc) for internal_alloc
    mallocr.o(i.realloc) refers to mallocr.o(i.__malloc$realloc) for __malloc$realloc
    mallocr.o(i.realloc) refers to mvars.o(.data) for __microlib_freelist
    malloca.o(i.__aligned_malloc) refers to mvars.o(.data) for __microlib_freelist_initialised
    malloca.o(i.__aligned_malloc) refers to mvars.o(.data) for __microlib_freelist
    malloca.o(i.__aligned_malloc) refers to stm32f10x.o(HEAP) for __heap_base
    malloca.o(i.__free$memalign) refers to mvars.o(.data) for __microlib_freelist
    malloca.o(i.__malloc$memalign) refers to malloca.o(i.__aligned_malloc) for __aligned_malloc
    mallocra.o(i.__aligned_malloc$realloc) refers to mallocra.o(i.internal_alloc) for internal_alloc
    mallocra.o(i.__aligned_malloc$realloc) refers to mvars.o(.data) for __microlib_freelist_initialised
    mallocra.o(i.__aligned_malloc$realloc) refers to stm32f10x.o(HEAP) for __heap_base
    mallocra.o(i.__aligned_malloc$realloc) refers to mvars.o(.data) for __microlib_freelist
    mallocra.o(i.__free$realloc$memalign) refers to mvars.o(.data) for __microlib_freelist
    mallocra.o(i.__malloc$realloc$memalign) refers to mallocra.o(i.__aligned_malloc$realloc) for __aligned_malloc$realloc
    mallocra.o(i.__realloc$memalign) refers to mallocra.o(i.__free$realloc$memalign) for __free$realloc$memalign
    mallocra.o(i.__realloc$memalign) refers to mallocra.o(i.internal_alloc) for internal_alloc
    mallocra.o(i.__realloc$memalign) refers to mallocra.o(i.__malloc$realloc$memalign) for __malloc$realloc$memalign
    mallocra.o(i.__realloc$memalign) refers to mvars.o(.data) for __microlib_freelist
    mallocra.o(i.internal_alloc) refers to memcpya.o(.text) for __aeabi_memcpy
    mallocra.o(i.internal_alloc) refers to mvars.o(.data) for __microlib_freelist
    fadd.o(.text) refers (Special) to iusefp.o(.text) for __I$use$fp
    fadd.o(.text) refers to fepilogue.o(.text) for _float_epilogue
    fmul.o(.text) refers (Special) to iusefp.o(.text) for __I$use$fp
    fdiv.o(.text) refers (Special) to iusefp.o(.text) for __I$use$fp
    fdiv.o(.text) refers to fepilogue.o(.text) for _float_round
    dadd.o(.text) refers (Special) to iusefp.o(.text) for __I$use$fp
    dadd.o(.text) refers to llshl.o(.text) for __aeabi_llsl
    dadd.o(.text) refers to llsshr.o(.text) for __aeabi_lasr
    dadd.o(.text) refers to depilogue.o(.text) for _double_epilogue
    dmul.o(.text) refers (Special) to iusefp.o(.text) for __I$use$fp
    dmul.o(.text) refers to depilogue.o(.text) for _double_epilogue
    ddiv.o(.text) refers (Special) to iusefp.o(.text) for __I$use$fp
    ddiv.o(.text) refers to depilogue.o(.text) for _double_round
    fflti.o(.text) refers (Special) to iusefp.o(.text) for __I$use$fp
    fflti.o(.text) refers to fepilogue.o(.text) for _float_epilogue
    ffltui.o(.text) refers (Special) to iusefp.o(.text) for __I$use$fp
    ffltui.o(.text) refers to fepilogue.o(.text) for _float_epilogue
    dflti.o(.text) refers (Special) to iusefp.o(.text) for __I$use$fp
    dflti.o(.text) refers to depilogue.o(.text) for _double_epilogue
    dfltui.o(.text) refers (Special) to iusefp.o(.text) for __I$use$fp
    dfltui.o(.text) refers to depilogue.o(.text) for _double_epilogue
    ffixi.o(.text) refers (Special) to iusefp.o(.text) for __I$use$fp
    ffixui.o(.text) refers (Special) to iusefp.o(.text) for __I$use$fp
    dfixi.o(.text) refers (Special) to iusefp.o(.text) for __I$use$fp
    dfixi.o(.text) refers to llushr.o(.text) for __aeabi_llsr
    dfixui.o(.text) refers (Special) to iusefp.o(.text) for __I$use$fp
    dfixui.o(.text) refers to llushr.o(.text) for __aeabi_llsr
    f2d.o(.text) refers (Special) to iusefp.o(.text) for __I$use$fp
    cdcmple.o(.text) refers (Special) to iusefp.o(.text) for __I$use$fp
    cdrcmple.o(.text) refers (Special) to iusefp.o(.text) for __I$use$fp
    entry2.o(.ARM.Collect$$$$00000001) refers to entry2.o(.ARM.Collect$$$$00002712) for __lit__00000000
    entry2.o(.ARM.Collect$$$$00002712) refers to stm32f10x.o(STACK) for __initial_sp
    entry2.o(__vectab_stack_and_reset_area) refers to stm32f10x.o(STACK) for __initial_sp
    entry2.o(__vectab_stack_and_reset_area) refers to entry.o(.ARM.Collect$$$$00000000) for __main
    entry5.o(.ARM.Collect$$$$00000004) refers to init.o(.text) for __scatterload
    entry7.o(.ARM.Collect$$$$00000007) refers to test.o(.text) for main
    uldiv.o(.text) refers to llushr.o(.text) for __aeabi_llsr
    uldiv.o(.text) refers to llshl.o(.text) for __aeabi_llsl
    errno.o(i.__aeabi_errno_addr) refers to errno.o(.data) for .data
    errno.o(i.__read_errno) refers to errno.o(.data) for .data
    errno.o(i.__set_errno) refers to errno.o(.data) for .data
    depilogue.o(.text) refers to llshl.o(.text) for __aeabi_llsl
    depilogue.o(.text) refers to llushr.o(.text) for __aeabi_llsr
    dsqrt.o(.text) refers to llushr.o(.text) for __aeabi_llsr
    dsqrt.o(.text) refers to depilogue.o(.text) for _double_round
    dfixul.o(.text) refers to llushr.o(.text) for __aeabi_llsr
    dfixul.o(.text) refers to llshl.o(.text) for __aeabi_llsl
    init.o(.text) refers to entry5.o(.ARM.Collect$$$$00000004) for __main_after_scatterload
    ili93xx.o(i.LCD_SetCursor) refers to ili93xx.o(.text) for LCD_WR_REG
    ili93xx.o(i.LCD_SetCursor) refers to ili93xx.o(.bss) for lcddev


==============================================================================

Removing Unused input sections from the image.

    Removing recog.o(.text), (236 bytes).
    Removing key.o(.text), (276 bytes).
    Removing key.o(.data), (1 bytes).
    Removing 24cxx.o(.text), (378 bytes).
    Removing myiic.o(.text), (624 bytes).
    Removing touch.o(.text), (3916 bytes).
    Removing touch.o(.conststring), (121 bytes).
    Removing touch.o(.data), (48 bytes).
    Removing fflti.o(.text), (18 bytes).
    Removing ffixi.o(.text), (50 bytes).
    Removing dfixi.o(.text), (62 bytes).
    Removing f2d.o(.text), (44 bytes).
    Removing dsqrt.o(.text), (160 bytes).
    Removing dfixul.o(.text), (48 bytes).

14 unused section(s) (total 5982 bytes) removed from the image.

==============================================================================

Image Symbol Table

    Local Symbols

    Symbol Name                              Value     Ov Type        Size  Object(Section)

    ../../../cmprslib/zerorunl2.c            0x00000000   Number         0  __dczerorl2.o ABSOLUTE
    ../../microlib/division.c                0x00000000   Number         0  uidiv.o ABSOLUTE
    ../../microlib/division.c                0x00000000   Number         0  uldiv.o ABSOLUTE
    ../../microlib/errno.c                   0x00000000   Number         0  errno.o ABSOLUTE
    ../../microlib/f2d.c                     0x00000000   Number         0  f2d.o ABSOLUTE
    ../../microlib/fpadd.c                   0x00000000   Number         0  dadd.o ABSOLUTE
    ../../microlib/fpadd.c                   0x00000000   Number         0  fadd.o ABSOLUTE
    ../../microlib/fpdiv.c                   0x00000000   Number         0  ddiv.o ABSOLUTE
    ../../microlib/fpdiv.c                   0x00000000   Number         0  fdiv.o ABSOLUTE
    ../../microlib/fpepilogue.c              0x00000000   Number         0  depilogue.o ABSOLUTE
    ../../microlib/fpepilogue.c              0x00000000   Number         0  fepilogue.o ABSOLUTE
    ../../microlib/fpfix.c                   0x00000000   Number         0  dfixi.o ABSOLUTE
    ../../microlib/fpfix.c                   0x00000000   Number         0  ffixi.o ABSOLUTE
    ../../microlib/fpfix.c                   0x00000000   Number         0  dfixul.o ABSOLUTE
    ../../microlib/fpfix.c                   0x00000000   Number         0  ffixui.o ABSOLUTE
    ../../microlib/fpfix.c                   0x00000000   Number         0  dfixui.o ABSOLUTE
    ../../microlib/fpflt.c                   0x00000000   Number         0  ffltui.o ABSOLUTE
    ../../microlib/fpflt.c                   0x00000000   Number         0  dfltui.o ABSOLUTE
    ../../microlib/fpflt.c                   0x00000000   Number         0  fflti.o ABSOLUTE
    ../../microlib/fpflt.c                   0x00000000   Number         0  dflti.o ABSOLUTE
    ../../microlib/fpmul.c                   0x00000000   Number         0  fmul.o ABSOLUTE
    ../../microlib/fpmul.c                   0x00000000   Number         0  dmul.o ABSOLUTE
    ../../microlib/fpsqrt.c                  0x00000000   Number         0  dsqrt.o ABSOLUTE
    ../../microlib/init/entry.s              0x00000000   Number         0  entry7.o ABSOLUTE
    ../../microlib/init/entry.s              0x00000000   Number         0  entry5.o ABSOLUTE
    ../../microlib/init/entry.s              0x00000000   Number         0  entry2.o ABSOLUTE
    ../../microlib/init/entry.s              0x00000000   Number         0  entry.o ABSOLUTE
    ../../microlib/longlong.c                0x00000000   Number         0  llsshr.o ABSOLUTE
    ../../microlib/longlong.c                0x00000000   Number         0  llshl.o ABSOLUTE
    ../../microlib/longlong.c                0x00000000   Number         0  llushr.o ABSOLUTE
    ../../microlib/malloc/malloc.c           0x00000000   Number         0  mallocr.o ABSOLUTE
    ../../microlib/malloc/malloc.c           0x00000000   Number         0  malloc.o ABSOLUTE
    ../../microlib/malloc/malloc.c           0x00000000   Number         0  mallocra.o ABSOLUTE
    ../../microlib/malloc/malloc.c           0x00000000   Number         0  malloca.o ABSOLUTE
    ../../microlib/malloc/mvars.c            0x00000000   Number         0  mvars.o ABSOLUTE
    ../../microlib/printf/printf.c           0x00000000   Number         0  printf3.o ABSOLUTE
    ../../microlib/printf/printf.c           0x00000000   Number         0  printf7.o ABSOLUTE
    ../../microlib/printf/printf.c           0x00000000   Number         0  printf6.o ABSOLUTE
    ../../microlib/printf/printf.c           0x00000000   Number         0  printf5.o ABSOLUTE
    ../../microlib/printf/printf.c           0x00000000   Number         0  printf4.o ABSOLUTE
    ../../microlib/printf/printf.c           0x00000000   Number         0  printfa.o ABSOLUTE
    ../../microlib/printf/printf.c           0x00000000   Number         0  printf8.o ABSOLUTE
    ../../microlib/printf/printf.c           0x00000000   Number         0  printfb.o ABSOLUTE
    ../../microlib/printf/printf.c           0x00000000   Number         0  printf0.o ABSOLUTE
    ../../microlib/printf/printf.c           0x00000000   Number         0  printf1.o ABSOLUTE
    ../../microlib/printf/printf.c           0x00000000   Number         0  printf2.o ABSOLUTE
    ../../microlib/printf/stubs.s            0x00000000   Number         0  stubs.o ABSOLUTE
    ../../microlib/string/memcpy.c           0x00000000   Number         0  memcpya.o ABSOLUTE
    ../../microlib/string/memcpy.c           0x00000000   Number         0  memcpyb.o ABSOLUTE
    ../../microlib/string/memset.c           0x00000000   Number         0  memseta.o ABSOLUTE
    ../../microlib/stubs.s                   0x00000000   Number         0  iusefp.o ABSOLUTE
    ../../microlib/stubs.s                   0x00000000   Number         0  useno.o ABSOLUTE
    ../../sqrt.c                             0x00000000   Number         0  sqrt.o ABSOLUTE
    ../../sqrt.c                             0x00000000   Number         0  sqrt_x.o ABSOLUTE
    ..\HARDWARE\24CXX\24cxx.c                0x00000000   Number         0  24cxx.o ABSOLUTE
    ..\HARDWARE\24CXX\myiic.c                0x00000000   Number         0  myiic.o ABSOLUTE
    ..\HARDWARE\EXTI\exti.c                  0x00000000   Number         0  exti.o ABSOLUTE
    ..\HARDWARE\KEY\key.c                    0x00000000   Number         0  key.o ABSOLUTE
    ..\HARDWARE\LCD\ILI93xx.c                0x00000000   Number         0  ili93xx.o ABSOLUTE
    ..\HARDWARE\LED\led.c                    0x00000000   Number         0  led.o ABSOLUTE
    ..\HARDWARE\OV7670\ov7670.c              0x00000000   Number         0  ov7670.o ABSOLUTE
    ..\HARDWARE\OV7670\sccb.c                0x00000000   Number         0  sccb.o ABSOLUTE
    ..\HARDWARE\TIMER\timer.c                0x00000000   Number         0  timer.o ABSOLUTE
    ..\HARDWARE\TOUCH\touch.c                0x00000000   Number         0  touch.o ABSOLUTE
    ..\HARDWARE\WDG\wdg.c                    0x00000000   Number         0  wdg.o ABSOLUTE
    ..\SYSTEM\delay\delay.c                  0x00000000   Number         0  delay.o ABSOLUTE
    ..\SYSTEM\sys\sys.c                      0x00000000   Number         0  sys.o ABSOLUTE
    ..\SYSTEM\usart\usart.c                  0x00000000   Number         0  usart.o ABSOLUTE
    ..\USMART\usmart.c                       0x00000000   Number         0  usmart.o ABSOLUTE
    ..\USMART\usmart_config.c                0x00000000   Number         0  usmart_config.o ABSOLUTE
    ..\USMART\usmart_str.c                   0x00000000   Number         0  usmart_str.o ABSOLUTE
    ..\\SYSTEM\\sys\\sys.c                   0x00000000   Number         0  sys.o ABSOLUTE
    STM32F10x.s                              0x00000000   Number         0  stm32f10x.o ABSOLUTE
    cdcmple.s                                0x00000000   Number         0  cdcmple.o ABSOLUTE
    cdrcmple.s                               0x00000000   Number         0  cdrcmple.o ABSOLUTE
    dc.s                                     0x00000000   Number         0  dc.o ABSOLUTE
    handlers.s                               0x00000000   Number         0  handlers.o ABSOLUTE
    img.c                                    0x00000000   Number         0  img.o ABSOLUTE
    init.s                                   0x00000000   Number         0  init.o ABSOLUTE
    memmgr.c                                 0x00000000   Number         0  memmgr.o ABSOLUTE
    recog.c                                  0x00000000   Number         0  recog.o ABSOLUTE
    test.c                                   0x00000000   Number         0  test.o ABSOLUTE
    RESET                                    0x08000000   Section      236  stm32f10x.o(RESET)
    .ARM.Collect$$$$00000000                 0x080000ec   Section        0  entry.o(.ARM.Collect$$$$00000000)
    .ARM.Collect$$$$00000001                 0x080000ec   Section        4  entry2.o(.ARM.Collect$$$$00000001)
    .ARM.Collect$$$$00000004                 0x080000f0   Section        4  entry5.o(.ARM.Collect$$$$00000004)
    .ARM.Collect$$$$00000007                 0x080000f4   Section        8  entry7.o(.ARM.Collect$$$$00000007)
    .ARM.Collect$$$$00002712                 0x080000fc   Section        4  entry2.o(.ARM.Collect$$$$00002712)
    __lit__00000000                          0x080000fc   Data           4  entry2.o(.ARM.Collect$$$$00002712)
    .emb_text                                0x08000100   Section        2  sys.o(.emb_text)
    .text                                    0x08000104   Section       28  stm32f10x.o(.text)
    .text                                    0x08000120   Section        0  test.o(.text)
    .text                                    0x0800076c   Section        0  img.o(.text)
    .text                                    0x08001274   Section        0  memmgr.o(.text)
    .text                                    0x08001384   Section        0  delay.o(.text)
    .text                                    0x08001424   Section        0  sys.o(.text)
    .text                                    0x0800172c   Section        0  usart.o(.text)
    .text                                    0x080018c8   Section        0  led.o(.text)
    .text                                    0x08001948   Section        0  exti.o(.text)
    .text                                    0x08001b0c   Section        0  wdg.o(.text)
    .text                                    0x08001c2c   Section        0  timer.o(.text)
    .text                                    0x08001d78   Section        0  ili93xx.o(.text)
    .text                                    0x08004ecc   Section        0  ov7670.o(.text)
    .text                                    0x08005218   Section        0  sccb.o(.text)
    .text                                    0x0800549c   Section        0  usmart.o(.text)
    .text                                    0x08005f84   Section        0  usmart_str.o(.text)
    .text                                    0x080064a0   Section        0  fadd.o(.text)
    .text                                    0x08006550   Section        0  fmul.o(.text)
    .text                                    0x080065bc   Section        0  fdiv.o(.text)
    .text                                    0x0800663c   Section        0  dadd.o(.text)
    .text                                    0x08006786   Section        0  dmul.o(.text)
    .text                                    0x08006868   Section        0  ddiv.o(.text)
    .text                                    0x08006946   Section        0  ffltui.o(.text)
    .text                                    0x08006950   Section        0  dflti.o(.text)
    .text                                    0x08006972   Section        0  dfltui.o(.text)
    .text                                    0x0800698c   Section        0  ffixui.o(.text)
    .text                                    0x080069b4   Section        0  dfixui.o(.text)
    .text                                    0x080069e4   Section       40  cdcmple.o(.text)
    .text                                    0x08006a0c   Section       40  cdrcmple.o(.text)
    .text                                    0x08006a34   Section        0  uldiv.o(.text)
    .text                                    0x08006a9a   Section        0  llshl.o(.text)
    .text                                    0x08006ab8   Section        0  llushr.o(.text)
    .text                                    0x08006ad8   Section        0  llsshr.o(.text)
    .text                                    0x08006afc   Section        0  fepilogue.o(.text)
    .text                                    0x08006afc   Section        0  iusefp.o(.text)
    .text                                    0x08006b6c   Section        0  depilogue.o(.text)
    .text                                    0x08006c30   Section       36  init.o(.text)
    .text                                    0x08006c54   Section        0  __dczerorl2.o(.text)
    i.LCD_SetCursor                          0x08006cb0   Section        0  ili93xx.o(i.LCD_SetCursor)
    i.__0printf$8                            0x08006da4   Section        0  printf8.o(i.__0printf$8)
    i.__scatterload_copy                     0x08006dc4   Section       14  handlers.o(i.__scatterload_copy)
    i.__scatterload_null                     0x08006dd2   Section        2  handlers.o(i.__scatterload_null)
    i.__scatterload_zeroinit                 0x08006dd4   Section       14  handlers.o(i.__scatterload_zeroinit)
    i._printf_core                           0x08006de4   Section        0  printf8.o(i._printf_core)
    _printf_core                             0x08006de5   Thumb Code  1064  printf8.o(i._printf_core)
    i._printf_post_padding                   0x0800720c   Section        0  printf8.o(i._printf_post_padding)
    _printf_post_padding                     0x0800720d   Thumb Code    38  printf8.o(i._printf_post_padding)
    i._printf_pre_padding                    0x08007232   Section        0  printf8.o(i._printf_pre_padding)
    _printf_pre_padding                      0x08007233   Thumb Code    46  printf8.o(i._printf_pre_padding)
    i.free                                   0x08007260   Section        0  malloc.o(i.free)
    i.malloc                                 0x080072b0   Section        0  malloc.o(i.malloc)
    .constdata                               0x0800731c   Section        8  img.o(.constdata)
    .constdata                               0x08007324   Section     2660  ili93xx.o(.constdata)
    .constdata                               0x08007d88   Section      236  ov7670.o(.constdata)
    .conststring                             0x08007e74   Section       23  usmart.o(.conststring)
    .conststring                             0x08007e8b   Section      331  usmart_config.o(.conststring)
    .data                                    0x20000000   Section        4  delay.o(.data)
    fac_us                                   0x20000000   Data           1  delay.o(.data)
    fac_ms                                   0x20000002   Data           2  delay.o(.data)
    .data                                    0x20000004   Section        8  usart.o(.data)
    .data                                    0x2000000c   Section        1  exti.o(.data)
    .data                                    0x2000000d   Section        1  wdg.o(.data)
    .data                                    0x2000000e   Section        1  timer.o(.data)
    .data                                    0x20000010   Section        4  ili93xx.o(.data)
    .data                                    0x20000014   Section       24  usmart.o(.data)
    .data                                    0x2000002c   Section      324  usmart_config.o(.data)
    .data                                    0x20000170   Section        4  mvars.o(.data)
    .data                                    0x20000174   Section        4  mvars.o(.data)
    .bss                                     0x20000178   Section      200  usart.o(.bss)
    .bss                                     0x20000240   Section       10  ili93xx.o(.bss)
    HEAP                                     0x20000250   Section    15776  stm32f10x.o(HEAP)
    STACK                                    0x20003ff0   Section     4096  stm32f10x.o(STACK)

    Global Symbols

    Symbol Name                              Value     Ov Type        Size  Object(Section)

    BuildAttributes$$THM_ISAv4$P$D$K$B$S$PE$A:L22UL41UL21$X:L11$S22US41US21$IEEE1$IW$USESV6$~STKCKD$USESV7$~SHL$OTIME$ROPI$IEEEJ$EBA8$MICROLIB$REQ8$PRES8$EABIv2 0x00000000   Number         0  anon$$obj.o ABSOLUTE
    __ARM_use_no_argv                        0x00000000   Number         0  test.o ABSOLUTE
    __use_no_errno                           0x00000000   Number         0  useno.o ABSOLUTE
    __use_no_exception_handling              0x00000000   Number         0  useno.o ABSOLUTE
    __use_no_fp                              0x00000000   Number         0  useno.o ABSOLUTE
    __use_no_heap                            0x00000000   Number         0  useno.o ABSOLUTE
    __use_no_heap_region                     0x00000000   Number         0  useno.o ABSOLUTE
    __use_no_semihosting                     0x00000000   Number         0  useno.o ABSOLUTE
    __use_no_semihosting_swi                 0x00000000   Number         0  useno.o ABSOLUTE
    __use_no_signal_handling                 0x00000000   Number         0  useno.o ABSOLUTE
    _printf_a                                0x00000000   Number         0  stubs.o ABSOLUTE
    _printf_c                                0x00000000   Number         0  stubs.o ABSOLUTE
    _printf_charcount                        0x00000000   Number         0  stubs.o ABSOLUTE
    _printf_d                                0x00000000   Number         0  stubs.o ABSOLUTE
    _printf_e                                0x00000000   Number         0  stubs.o ABSOLUTE
    _printf_f                                0x00000000   Number         0  stubs.o ABSOLUTE
    _printf_flags                            0x00000000   Number         0  stubs.o ABSOLUTE
    _printf_fp_dec                           0x00000000   Number         0  stubs.o ABSOLUTE
    _printf_fp_hex                           0x00000000   Number         0  stubs.o ABSOLUTE
    _printf_g                                0x00000000   Number         0  stubs.o ABSOLUTE
    _printf_i                                0x00000000   Number         0  stubs.o ABSOLUTE
    _printf_int_dec                          0x00000000   Number         0  stubs.o ABSOLUTE
    _printf_l                                0x00000000   Number         0  stubs.o ABSOLUTE
    _printf_lc                               0x00000000   Number         0  stubs.o ABSOLUTE
    _printf_ll                               0x00000000   Number         0  stubs.o ABSOLUTE
    _printf_lld                              0x00000000   Number         0  stubs.o ABSOLUTE
    _printf_lli                              0x00000000   Number         0  stubs.o ABSOLUTE
    _printf_llo                              0x00000000   Number         0  stubs.o ABSOLUTE
    _printf_llu                              0x00000000   Number         0  stubs.o ABSOLUTE
    _printf_llx                              0x00000000   Number         0  stubs.o ABSOLUTE
    _printf_longlong_dec                     0x00000000   Number         0  stubs.o ABSOLUTE
    _printf_longlong_hex                     0x00000000   Number         0  stubs.o ABSOLUTE
    _printf_longlong_oct                     0x00000000   Number         0  stubs.o ABSOLUTE
    _printf_ls                               0x00000000   Number         0  stubs.o ABSOLUTE
    _printf_mbtowc                           0x00000000   Number         0  stubs.o ABSOLUTE
    _printf_n                                0x00000000   Number         0  stubs.o ABSOLUTE
    _printf_o                                0x00000000   Number         0  stubs.o ABSOLUTE
    _printf_p                                0x00000000   Number         0  stubs.o ABSOLUTE
    _printf_percent                          0x00000000   Number         0  stubs.o ABSOLUTE
    _printf_pre_padding                      0x00000000   Number         0  stubs.o ABSOLUTE
    _printf_return_value                     0x00000000   Number         0  stubs.o ABSOLUTE
    _printf_s                                0x00000000   Number         0  stubs.o ABSOLUTE
    _printf_sizespec                         0x00000000   Number         0  stubs.o ABSOLUTE
    _printf_str                              0x00000000   Number         0  stubs.o ABSOLUTE
    _printf_truncate_signed                  0x00000000   Number         0  stubs.o ABSOLUTE
    _printf_truncate_unsigned                0x00000000   Number         0  stubs.o ABSOLUTE
    _printf_u                                0x00000000   Number         0  stubs.o ABSOLUTE
    _printf_wc                               0x00000000   Number         0  stubs.o ABSOLUTE
    _printf_wctomb                           0x00000000   Number         0  stubs.o ABSOLUTE
    _printf_widthprec                        0x00000000   Number         0  stubs.o ABSOLUTE
    _printf_x                                0x00000000   Number         0  stubs.o ABSOLUTE
    __Vectors                                0x08000000   Data           4  stm32f10x.o(RESET)
    __main                                   0x080000ed   Thumb Code     0  entry.o(.ARM.Collect$$$$00000000)
    _main_stk                                0x080000ed   Thumb Code     0  entry2.o(.ARM.Collect$$$$00000001)
    _main_scatterload                        0x080000f1   Thumb Code     0  entry5.o(.ARM.Collect$$$$00000004)
    __main_after_scatterload                 0x080000f5   Thumb Code     0  entry5.o(.ARM.Collect$$$$00000004)
    _main_init                               0x080000f5   Thumb Code     0  entry7.o(.ARM.Collect$$$$00000007)
    WFI_SET                                  0x08000101   Thumb Code     2  sys.o(.emb_text)
    Reset_Handler                            0x08000105   Thumb Code     4  stm32f10x.o(.text)
    NMI_Handler                              0x08000109   Thumb Code     2  stm32f10x.o(.text)
    HardFault_Handler                        0x0800010b   Thumb Code     2  stm32f10x.o(.text)
    MemManage_Handler                        0x0800010d   Thumb Code     2  stm32f10x.o(.text)
    BusFault_Handler                         0x0800010f   Thumb Code     2  stm32f10x.o(.text)
    UsageFault_Handler                       0x08000111   Thumb Code     2  stm32f10x.o(.text)
    SVC_Handler                              0x08000113   Thumb Code     2  stm32f10x.o(.text)
    DebugMon_Handler                         0x08000115   Thumb Code     2  stm32f10x.o(.text)
    PendSV_Handler                           0x08000117   Thumb Code     2  stm32f10x.o(.text)
    SysTick_Handler                          0x08000119   Thumb Code     2  stm32f10x.o(.text)
    ADC_IRQHandler                           0x0800011b   Thumb Code     0  stm32f10x.o(.text)
    CAN_RX1_IRQHandler                       0x0800011b   Thumb Code     0  stm32f10x.o(.text)
    CAN_SCE_IRQHandler                       0x0800011b   Thumb Code     0  stm32f10x.o(.text)
    DMAChannel1_IRQHandler                   0x0800011b   Thumb Code     0  stm32f10x.o(.text)
    DMAChannel2_IRQHandler                   0x0800011b   Thumb Code     0  stm32f10x.o(.text)
    DMAChannel3_IRQHandler                   0x0800011b   Thumb Code     0  stm32f10x.o(.text)
    DMAChannel4_IRQHandler                   0x0800011b   Thumb Code     0  stm32f10x.o(.text)
    DMAChannel5_IRQHandler                   0x0800011b   Thumb Code     0  stm32f10x.o(.text)
    DMAChannel6_IRQHandler                   0x0800011b   Thumb Code     0  stm32f10x.o(.text)
    DMAChannel7_IRQHandler                   0x0800011b   Thumb Code     0  stm32f10x.o(.text)
    EXTI1_IRQHandler                         0x0800011b   Thumb Code     0  stm32f10x.o(.text)
    EXTI2_IRQHandler                         0x0800011b   Thumb Code     0  stm32f10x.o(.text)
    EXTI3_IRQHandler                         0x0800011b   Thumb Code     0  stm32f10x.o(.text)
    EXTI4_IRQHandler                         0x0800011b   Thumb Code     0  stm32f10x.o(.text)
    EXTI9_5_IRQHandler                       0x0800011b   Thumb Code     0  stm32f10x.o(.text)
    FLASH_IRQHandler                         0x0800011b   Thumb Code     0  stm32f10x.o(.text)
    I2C1_ER_IRQHandler                       0x0800011b   Thumb Code     0  stm32f10x.o(.text)
    I2C1_EV_IRQHandler                       0x0800011b   Thumb Code     0  stm32f10x.o(.text)
    I2C2_ER_IRQHandler                       0x0800011b   Thumb Code     0  stm32f10x.o(.text)
    I2C2_EV_IRQHandler                       0x0800011b   Thumb Code     0  stm32f10x.o(.text)
    PVD_IRQHandler                           0x0800011b   Thumb Code     0  stm32f10x.o(.text)
    RCC_IRQHandler                           0x0800011b   Thumb Code     0  stm32f10x.o(.text)
    RTCAlarm_IRQHandler                      0x0800011b   Thumb Code     0  stm32f10x.o(.text)
    RTC_IRQHandler                           0x0800011b   Thumb Code     0  stm32f10x.o(.text)
    SPI1_IRQHandler                          0x0800011b   Thumb Code     0  stm32f10x.o(.text)
    SPI2_IRQHandler                          0x0800011b   Thumb Code     0  stm32f10x.o(.text)
    TAMPER_IRQHandler                        0x0800011b   Thumb Code     0  stm32f10x.o(.text)
    TIM1_BRK_IRQHandler                      0x0800011b   Thumb Code     0  stm32f10x.o(.text)
    TIM1_CC_IRQHandler                       0x0800011b   Thumb Code     0  stm32f10x.o(.text)
    TIM1_TRG_COM_IRQHandler                  0x0800011b   Thumb Code     0  stm32f10x.o(.text)
    TIM1_UP_IRQHandler                       0x0800011b   Thumb Code     0  stm32f10x.o(.text)
    TIM4_IRQHandler                          0x0800011b   Thumb Code     0  stm32f10x.o(.text)
    USART2_IRQHandler                        0x0800011b   Thumb Code     0  stm32f10x.o(.text)
    USART3_IRQHandler                        0x0800011b   Thumb Code     0  stm32f10x.o(.text)
    USBWakeUp_IRQHandler                     0x0800011b   Thumb Code     0  stm32f10x.o(.text)
    USB_HP_CAN_TX_IRQHandler                 0x0800011b   Thumb Code     0  stm32f10x.o(.text)
    USB_LP_CAN_RX0_IRQHandler                0x0800011b   Thumb Code     0  stm32f10x.o(.text)
    print2serial                             0x08000121   Thumb Code    56  test.o(.text)
    img_display                              0x08000159   Thumb Code   134  test.o(.text)
    camera_refresh                           0x080001df   Thumb Code   316  test.o(.text)
    system_init                              0x0800031b   Thumb Code   322  test.o(.text)
    main                                     0x0800045d   Thumb Code   156  test.o(.text)
    ImageHandle                              0x080004f9   Thumb Code   596  test.o(.text)
    CreateRectLink                           0x0800076d   Thumb Code    66  img.o(.text)
    InitRectLink                             0x080007af   Thumb Code    36  img.o(.text)
    DeRectLink                               0x080007d3   Thumb Code    34  img.o(.text)
    ShowRectLink                             0x080007f5   Thumb Code    56  img.o(.text)
    SlopeAdjust                              0x0800082d   Thumb Code   424  img.o(.text)
    DetectRect                               0x080009d5   Thumb Code   284  img.o(.text)
    DetectNum                                0x08000af1   Thumb Code   328  img.o(.text)
    StandardImg                              0x08000c39   Thumb Code   362  img.o(.text)
    SetImg                                   0x08000da3   Thumb Code    42  img.o(.text)
    StdAlignImg                              0x08000dcd   Thumb Code   128  img.o(.text)
    TZTQ13                                   0x08000e4d   Thumb Code   626  img.o(.text)
    TZ_Std                                   0x080010bf   Thumb Code   310  img.o(.text)
    InvertImg                                0x080011f5   Thumb Code    48  img.o(.text)
    BinaryImg                                0x08001225   Thumb Code    74  img.o(.text)
    alloc_mem2d_u8                           0x08001275   Thumb Code    74  memmgr.o(.text)
    delete_mem2d_u8                          0x080012bf   Thumb Code    42  memmgr.o(.text)
    allloc_mem2d_dbl                         0x080012e9   Thumb Code    84  memmgr.o(.text)
    detect_mem2d_dbl                         0x0800133d   Thumb Code    44  memmgr.o(.text)
    delay_init                               0x08001385   Thumb Code    44  delay.o(.text)
    delay_ms                                 0x080013b1   Thumb Code    54  delay.o(.text)
    delay_us                                 0x080013e7   Thumb Code    54  delay.o(.text)
    MY_NVIC_SetVectorTable                   0x08001425   Thumb Code    12  sys.o(.text)
    MY_NVIC_PriorityGroupConfig              0x08001431   Thumb Code    42  sys.o(.text)
    MY_NVIC_Init                             0x0800145b   Thumb Code   154  sys.o(.text)
    Ex_NVIC_Config                           0x080014f5   Thumb Code   160  sys.o(.text)
    MYRCC_DeInit                             0x08001595   Thumb Code    90  sys.o(.text)
    Sys_Standby                              0x080015ef   Thumb Code    68  sys.o(.text)
    Sys_Soft_Reset                           0x08001633   Thumb Code    10  sys.o(.text)
    JTAG_Set                                 0x0800163d   Thumb Code    38  sys.o(.text)
    Stm32_Clock_Init                         0x08001663   Thumb Code   130  sys.o(.text)
    _sys_exit                                0x0800172d   Thumb Code     6  usart.o(.text)
    fputc                                    0x08001733   Thumb Code    20  usart.o(.text)
    USART1_IRQHandler                        0x08001747   Thumb Code   116  usart.o(.text)
    uart_init                                0x080017bb   Thumb Code   230  usart.o(.text)
    LED_Init                                 0x080018c9   Thumb Code   110  led.o(.text)
    EXTI0_IRQHandler                         0x08001949   Thumb Code    58  exti.o(.text)
    EXTIX_Init                               0x08001983   Thumb Code   168  exti.o(.text)
    EXTI15_10_IRQHandler                     0x08001a2b   Thumb Code    72  exti.o(.text)
    EXTI15_Init                              0x08001a73   Thumb Code    92  exti.o(.text)
    IWDG_Init                                0x08001b0d   Thumb Code    28  wdg.o(.text)
    IWDG_Feed                                0x08001b29   Thumb Code    10  wdg.o(.text)
    WWDG_Init                                0x08001b33   Thumb Code   134  wdg.o(.text)
    WWDG_Set_Counter                         0x08001bb9   Thumb Code    20  wdg.o(.text)
    WWDG_IRQHandler                          0x08001bcd   Thumb Code    58  wdg.o(.text)
    TIM3_IRQHandler                          0x08001c2d   Thumb Code    34  timer.o(.text)
    Timerx_Init                              0x08001c4f   Thumb Code    96  timer.o(.text)
    PWM_Init                                 0x08001caf   Thumb Code   168  timer.o(.text)
    LCD_WR_REG                               0x08001d79   Thumb Code    32  ili93xx.o(.text)
    LCD_RD_DATA                              0x08001d99   Thumb Code   108  ili93xx.o(.text)
    LCD_WriteReg                             0x08001e05   Thumb Code    44  ili93xx.o(.text)
    LCD_ReadReg                              0x08001e31   Thumb Code    16  ili93xx.o(.text)
    LCD_WriteRAM_Prepare                     0x08001e41   Thumb Code    12  ili93xx.o(.text)
    LCD_WriteRAM                             0x08001e4d   Thumb Code    32  ili93xx.o(.text)
    LCD_BGR2RGB                              0x08001e6d   Thumb Code    26  ili93xx.o(.text)
    LCD_ReadPoint                            0x08001e87   Thumb Code   344  ili93xx.o(.text)
    LCD_DisplayOn                            0x08001fdf   Thumb Code    46  ili93xx.o(.text)
    LCD_DisplayOff                           0x0800200d   Thumb Code    44  ili93xx.o(.text)
    LCD_Scan_Dir                             0x08002039   Thumb Code   722  ili93xx.o(.text)
    LCD_DrawPoint                            0x0800230b   Thumb Code    56  ili93xx.o(.text)
    LCD_Display_Dir                          0x08002343   Thumb Code   240  ili93xx.o(.text)
    LCD_Clear                                0x08002433   Thumb Code    70  ili93xx.o(.text)
    LCD_Init                                 0x08002479   Thumb Code  9456  ili93xx.o(.text)
    LCD_Fill                                 0x08004969   Thumb Code   102  ili93xx.o(.text)
    LCD_DrawLine                             0x080049cf   Thumb Code   176  ili93xx.o(.text)
    LCD_DrawRectangle                        0x08004a7f   Thumb Code    64  ili93xx.o(.text)
    Draw_Circle                              0x08004abf   Thumb Code   176  ili93xx.o(.text)
    LCD_ShowChar                             0x08004b6f   Thumb Code   372  ili93xx.o(.text)
    LCD_Pow                                  0x08004ce3   Thumb Code    22  ili93xx.o(.text)
    LCD_ShowNum                              0x08004cf9   Thumb Code   152  ili93xx.o(.text)
    LCD_ShowxNum                             0x08004d91   Thumb Code   194  ili93xx.o(.text)
    LCD_ShowString                           0x08004e53   Thumb Code   102  ili93xx.o(.text)
    OV7670_Init                              0x08004ecd   Thumb Code   250  ov7670.o(.text)
    OV7670_Light_Mode                        0x08004fc7   Thumb Code    92  ov7670.o(.text)
    OV7670_Color_Saturation                  0x08005023   Thumb Code   122  ov7670.o(.text)
    OV7670_Brightness                        0x0800509d   Thumb Code    50  ov7670.o(.text)
    OV7670_Contrast                          0x080050cf   Thumb Code    50  ov7670.o(.text)
    OV7670_Special_Effects                   0x08005101   Thumb Code   106  ov7670.o(.text)
    OV7670_Window_Set                        0x0800516b   Thumb Code   138  ov7670.o(.text)
    SCCB_Init                                0x08005219   Thumb Code    66  sccb.o(.text)
    SCCB_Start                               0x0800525b   Thumb Code    46  sccb.o(.text)
    SCCB_Stop                                0x08005289   Thumb Code    46  sccb.o(.text)
    SCCB_No_Ack                              0x080052b7   Thumb Code    58  sccb.o(.text)
    SCCB_WR_Byte                             0x080052f1   Thumb Code   156  sccb.o(.text)
    SCCB_RD_Byte                             0x0800538d   Thumb Code   110  sccb.o(.text)
    SCCB_WR_Reg                              0x080053fb   Thumb Code    62  sccb.o(.text)
    SCCB_RD_Reg                              0x08005439   Thumb Code    78  sccb.o(.text)
    usmart_sys_cmd_exe                       0x0800549d   Thumb Code  1588  usmart.o(.text)
    TIM2_IRQHandler                          0x08005ad1   Thumb Code    38  usmart.o(.text)
    Timer2_Init                              0x08005af7   Thumb Code    68  usmart.o(.text)
    usmart_init                              0x08005b3b   Thumb Code    36  usmart.o(.text)
    usmart_cmd_rec                           0x08005b5f   Thumb Code   170  usmart.o(.text)
    usmart_exe                               0x08005c09   Thumb Code   672  usmart.o(.text)
    usmart_scan                              0x08005ea9   Thumb Code   120  usmart.o(.text)
    read_addr                                0x08005f21   Thumb Code     6  usmart.o(.text)
    write_addr                               0x08005f27   Thumb Code     4  usmart.o(.text)
    usmart_strcmp                            0x08005f85   Thumb Code    34  usmart_str.o(.text)
    usmart_strcopy                           0x08005fa7   Thumb Code    22  usmart_str.o(.text)
    usmart_strlen                            0x08005fbd   Thumb Code    24  usmart_str.o(.text)
    usmart_pow                               0x08005fd5   Thumb Code    22  usmart_str.o(.text)
    usmart_str2num                           0x08005feb   Thumb Code   202  usmart_str.o(.text)
    usmart_get_cmdname                       0x080060b5   Thumb Code    54  usmart_str.o(.text)
    usmart_search_nextc                      0x080060eb   Thumb Code    22  usmart_str.o(.text)
    usmart_get_fname                         0x08006101   Thumb Code   440  usmart_str.o(.text)
    usmart_get_aparm                         0x080062b9   Thumb Code   188  usmart_str.o(.text)
    usmart_get_parmpos                       0x08006375   Thumb Code    26  usmart_str.o(.text)
    usmart_get_fparam                        0x0800638f   Thumb Code   262  usmart_str.o(.text)
    __aeabi_fadd                             0x080064a1   Thumb Code   164  fadd.o(.text)
    __aeabi_fsub                             0x08006545   Thumb Code     6  fadd.o(.text)
    __aeabi_frsub                            0x0800654b   Thumb Code     6  fadd.o(.text)
    __aeabi_fmul                             0x08006551   Thumb Code   108  fmul.o(.text)
    __aeabi_fdiv                             0x080065bd   Thumb Code   128  fdiv.o(.text)
    __aeabi_dadd                             0x0800663d   Thumb Code   318  dadd.o(.text)
    __aeabi_dsub                             0x0800677b   Thumb Code     6  dadd.o(.text)
    __aeabi_drsub                            0x08006781   Thumb Code     6  dadd.o(.text)
    __aeabi_dmul                             0x08006787   Thumb Code   226  dmul.o(.text)
    __aeabi_ddiv                             0x08006869   Thumb Code   222  ddiv.o(.text)
    __aeabi_ui2f                             0x08006947   Thumb Code    10  ffltui.o(.text)
    __aeabi_i2d                              0x08006951   Thumb Code    34  dflti.o(.text)
    __aeabi_ui2d                             0x08006973   Thumb Code    26  dfltui.o(.text)
    __aeabi_f2uiz                            0x0800698d   Thumb Code    40  ffixui.o(.text)
    __aeabi_d2uiz                            0x080069b5   Thumb Code    46  dfixui.o(.text)
    __aeabi_cdcmpeq                          0x080069e5   Thumb Code     0  cdcmple.o(.text)
    __aeabi_cdcmple                          0x080069e5   Thumb Code    38  cdcmple.o(.text)
    __aeabi_cdrcmple                         0x08006a0d   Thumb Code    38  cdrcmple.o(.text)
    __aeabi_uldivmod                         0x08006a35   Thumb Code   102  uldiv.o(.text)
    __aeabi_llsl                             0x08006a9b   Thumb Code    30  llshl.o(.text)
    _ll_shift_l                              0x08006a9b   Thumb Code     0  llshl.o(.text)
    __aeabi_llsr                             0x08006ab9   Thumb Code    32  llushr.o(.text)
    _ll_ushift_r                             0x08006ab9   Thumb Code     0  llushr.o(.text)
    __aeabi_lasr                             0x08006ad9   Thumb Code    36  llsshr.o(.text)
    _ll_sshift_r                             0x08006ad9   Thumb Code     0  llsshr.o(.text)
    __I$use$fp                               0x08006afd   Thumb Code     0  iusefp.o(.text)
    _float_round                             0x08006afd   Thumb Code    18  fepilogue.o(.text)
    _float_epilogue                          0x08006b0f   Thumb Code    94  fepilogue.o(.text)
    _double_round                            0x08006b6d   Thumb Code    26  depilogue.o(.text)
    _double_epilogue                         0x08006b87   Thumb Code   168  depilogue.o(.text)
    __scatterload                            0x08006c31   Thumb Code    28  init.o(.text)
    __scatterload_rt2                        0x08006c31   Thumb Code     0  init.o(.text)
    __decompress                             0x08006c55   Thumb Code     0  __dczerorl2.o(.text)
    __decompress1                            0x08006c55   Thumb Code    92  __dczerorl2.o(.text)
    LCD_SetCursor                            0x08006cb1   Thumb Code   226  ili93xx.o(i.LCD_SetCursor)
    __0printf$8                              0x08006da5   Thumb Code    22  printf8.o(i.__0printf$8)
    __1printf$8                              0x08006da5   Thumb Code     0  printf8.o(i.__0printf$8)
    __2printf                                0x08006da5   Thumb Code     0  printf8.o(i.__0printf$8)
    __scatterload_copy                       0x08006dc5   Thumb Code    14  handlers.o(i.__scatterload_copy)
    __scatterload_null                       0x08006dd3   Thumb Code     2  handlers.o(i.__scatterload_null)
    __scatterload_zeroinit                   0x08006dd5   Thumb Code    14  handlers.o(i.__scatterload_zeroinit)
    free                                     0x08007261   Thumb Code    76  malloc.o(i.free)
    malloc                                   0x080072b1   Thumb Code    92  malloc.o(i.malloc)
    asc2_1206                                0x08007324   Data        1140  ili93xx.o(.constdata)
    asc2_1608                                0x08007798   Data        1520  ili93xx.o(.constdata)
    ov7670_init_reg_tbl                      0x08007d88   Data         236  ov7670.o(.constdata)
    Region$$Table$$Base                      0x08007fd8   Number         0  anon$$obj.o(Region$$Table)
    Region$$Table$$Limit                     0x08007ff8   Number         0  anon$$obj.o(Region$$Table)
    USART_RX_STA                             0x20000004   Data           2  usart.o(.data)
    __stdout                                 0x20000008   Data           4  usart.o(.data)
    ov_sta                                   0x2000000c   Data           1  exti.o(.data)
    WWDG_CNT                                 0x2000000d   Data           1  wdg.o(.data)
    ov_frame                                 0x2000000e   Data           1  timer.o(.data)
    POINT_COLOR                              0x20000010   Data           2  ili93xx.o(.data)
    BACK_COLOR                               0x20000012   Data           2  ili93xx.o(.data)
    sys_cmd_tab                              0x20000014   Data          24  usmart.o(.data)
    usmart_nametab                           0x2000002c   Data          88  usmart_config.o(.data)
    usmart_dev                               0x20000084   Data         236  usmart_config.o(.data)
    __microlib_freelist                      0x20000170   Data           4  mvars.o(.data)
    __microlib_freelist_initialised          0x20000174   Data           4  mvars.o(.data)
    USART_RX_BUF                             0x20000178   Data         200  usart.o(.bss)
    lcddev                                   0x20000240   Data          10  ili93xx.o(.bss)
    __heap_base                              0x20000250   Data           0  stm32f10x.o(HEAP)
    __heap_limit                             0x20003ff0   Data           0  stm32f10x.o(HEAP)
    __initial_sp                             0x20004ff0   Data           0  stm32f10x.o(STACK)



==============================================================================

Memory Map of the image

  Image Entry point : 0x080000ed

  Load Region LR_IROM1 (Base: 0x08000000, Size: 0x00008170, Max: 0x00020000, ABSOLUTE, COMPRESSED[0x00008074])

    Execution Region ER_IROM1 (Base: 0x08000000, Size: 0x00007ff8, Max: 0x00020000, ABSOLUTE)

    Base Addr    Size         Type   Attr      Idx    E Section Name        Object

    0x08000000   0x000000ec   Data   RO            3    RESET               stm32f10x.o
    0x080000ec   0x00000000   Code   RO          452  * .ARM.Collect$$$$00000000  mc_w.l(entry.o)(mc_w.l)
    0x080000ec   0x00000004   Code   RO          780    .ARM.Collect$$$$00000001  mc_w.l(entry2.o)(mc_w.l)
    0x080000f0   0x00000004   Code   RO          783    .ARM.Collect$$$$00000004  mc_w.l(entry5.o)(mc_w.l)
    0x080000f4   0x00000008   Code   RO          784    .ARM.Collect$$$$00000007  mc_w.l(entry7.o)(mc_w.l)
    0x080000fc   0x00000004   Code   RO          781    .ARM.Collect$$$$00002712  mc_w.l(entry2.o)(mc_w.l)
    0x08000100   0x00000002   Code   RO          155    .emb_text           sys.o
    0x08000102   0x00000002   PAD
    0x08000104   0x0000001c   Code   RO            4    .text               stm32f10x.o
    0x08000120   0x0000064c   Code   RO           10    .text               test.o
    0x0800076c   0x00000b08   Code   RO           97    .text               img.o
    0x08001274   0x00000110   Code   RO          110    .text               memmgr.o
    0x08001384   0x000000a0   Code   RO          141    .text               delay.o
    0x08001424   0x00000308   Code   RO          156    .text               sys.o
    0x0800172c   0x0000019c   Code   RO          171    .text               usart.o
    0x080018c8   0x00000080   Code   RO          194    .text               led.o
    0x08001948   0x000001c4   Code   RO          219    .text               exti.o
    0x08001b0c   0x00000120   Code   RO          234    .text               wdg.o
    0x08001c2c   0x0000014c   Code   RO          249    .text               timer.o
    0x08001d78   0x00003154   Code   RO          264    .text               ili93xx.o
    0x08004ecc   0x0000034c   Code   RO          349    .text               ov7670.o
    0x08005218   0x00000284   Code   RO          367    .text               sccb.o
    0x0800549c   0x00000ae8   Code   RO          379    .text               usmart.o
    0x08005f84   0x0000051c   Code   RO          432    .text               usmart_str.o
    0x080064a0   0x000000b0   Code   RO          746    .text               mf_w.l(fadd.o)(mf_w.l)
    0x08006550   0x0000006c   Code   RO          748    .text               mf_w.l(fmul.o)(mf_w.l)
    0x080065bc   0x00000080   Code   RO          750    .text               mf_w.l(fdiv.o)(mf_w.l)
    0x0800663c   0x0000014a   Code   RO          752    .text               mf_w.l(dadd.o)(mf_w.l)
    0x08006786   0x000000e2   Code   RO          754    .text               mf_w.l(dmul.o)(mf_w.l)
    0x08006868   0x000000de   Code   RO          756    .text               mf_w.l(ddiv.o)(mf_w.l)
    0x08006946   0x0000000a   Code   RO          760    .text               mf_w.l(ffltui.o)(mf_w.l)
    0x08006950   0x00000022   Code   RO          762    .text               mf_w.l(dflti.o)(mf_w.l)
    0x08006972   0x0000001a   Code   RO          764    .text               mf_w.l(dfltui.o)(mf_w.l)
    0x0800698c   0x00000028   Code   RO          768    .text               mf_w.l(ffixui.o)(mf_w.l)
    0x080069b4   0x0000002e   Code   RO          772    .text               mf_w.l(dfixui.o)(mf_w.l)
    0x080069e2   0x00000002   PAD
    0x080069e4   0x00000028   Code   RO          776    .text               mf_w.l(cdcmple.o)(mf_w.l)
    0x08006a0c   0x00000028   Code   RO          778    .text               mf_w.l(cdrcmple.o)(mf_w.l)
    0x08006a34   0x00000066   Code   RO          787    .text               mc_w.l(uldiv.o)(mc_w.l)
    0x08006a9a   0x0000001e   Code   RO          789    .text               mc_w.l(llshl.o)(mc_w.l)
    0x08006ab8   0x00000020   Code   RO          791    .text               mc_w.l(llushr.o)(mc_w.l)
    0x08006ad8   0x00000024   Code   RO          793    .text               mc_w.l(llsshr.o)(mc_w.l)
    0x08006afc   0x00000000   Code   RO          808    .text               mc_w.l(iusefp.o)(mc_w.l)
    0x08006afc   0x00000070   Code   RO          809    .text               mf_w.l(fepilogue.o)(mf_w.l)
    0x08006b6c   0x000000c2   Code   RO          811    .text               mf_w.l(depilogue.o)(mf_w.l)
    0x08006c2e   0x00000002   PAD
    0x08006c30   0x00000024   Code   RO          817    .text               mc_w.l(init.o)(mc_w.l)
    0x08006c54   0x0000005c   Code   RO          827    .text               mc_w.l(__dczerorl2.o)(mc_w.l)
    0x08006cb0   0x000000f4   Code   RO          278    i.LCD_SetCursor     ili93xx.o
    0x08006da4   0x00000020   Code   RO          664    i.__0printf$8       mc_w.l(printf8.o)(mc_w.l)
    0x08006dc4   0x0000000e   Code   RO          821    i.__scatterload_copy  mc_w.l(handlers.o)(mc_w.l)
    0x08006dd2   0x00000002   Code   RO          822    i.__scatterload_null  mc_w.l(handlers.o)(mc_w.l)
    0x08006dd4   0x0000000e   Code   RO          823    i.__scatterload_zeroinit  mc_w.l(handlers.o)(mc_w.l)
    0x08006de2   0x00000002   PAD
    0x08006de4   0x00000428   Code   RO          671    i._printf_core      mc_w.l(printf8.o)(mc_w.l)
    0x0800720c   0x00000026   Code   RO          672    i._printf_post_padding  mc_w.l(printf8.o)(mc_w.l)
    0x08007232   0x0000002e   Code   RO          673    i._printf_pre_padding  mc_w.l(printf8.o)(mc_w.l)
    0x08007260   0x00000050   Code   RO          718    i.free              mc_w.l(malloc.o)(mc_w.l)
    0x080072b0   0x0000006c   Code   RO          719    i.malloc            mc_w.l(malloc.o)(mc_w.l)
    0x0800731c   0x00000008   Data   RO           98    .constdata          img.o
    0x08007324   0x00000a64   Data   RO          266    .constdata          ili93xx.o
    0x08007d88   0x000000ec   Data   RO          350    .constdata          ov7670.o
    0x08007e74   0x00000017   Data   RO          380    .conststring        usmart.o
    0x08007e8b   0x0000014b   Data   RO          415    .conststring        usmart_config.o
    0x08007fd6   0x00000002   PAD
    0x08007fd8   0x00000020   Data   RO          819    Region$$Table       anon$$obj.o


    Execution Region RW_IRAM1 (Base: 0x20000000, Size: 0x00004ff0, Max: 0x00005000, ABSOLUTE, COMPRESSED[0x0000007c])

    Base Addr    Size         Type   Attr      Idx    E Section Name        Object

    0x20000000   0x00000004   Data   RW          142    .data               delay.o
    0x20000004   0x00000008   Data   RW          173    .data               usart.o
    0x2000000c   0x00000001   Data   RW          220    .data               exti.o
    0x2000000d   0x00000001   Data   RW          235    .data               wdg.o
    0x2000000e   0x00000001   Data   RW          250    .data               timer.o
    0x2000000f   0x00000001   PAD
    0x20000010   0x00000004   Data   RW          267    .data               ili93xx.o
    0x20000014   0x00000018   Data   RW          381    .data               usmart.o
    0x2000002c   0x00000144   Data   RW          416    .data               usmart_config.o
    0x20000170   0x00000004   Data   RW          799    .data               mc_w.l(mvars.o)(mc_w.l)
    0x20000174   0x00000004   Data   RW          800    .data               mc_w.l(mvars.o)(mc_w.l)
    0x20000178   0x000000c8   Zero   RW          172    .bss                usart.o
    0x20000240   0x0000000a   Zero   RW          265    .bss                ili93xx.o
    0x2000024a   0x00000006   PAD
    0x20000250   0x00003da0   Zero   RW            2    HEAP                stm32f10x.o
    0x20003ff0   0x00001000   Zero   RW            1    STACK               stm32f10x.o


==============================================================================

Image component sizes


      Code (inc. data)   RO Data    RW Data    ZI Data      Debug   Object Name

       160          8          0          4          0          0   delay.o
       452         62          0          1          0          0   exti.o
     12872        246       2660          4         10          0   ili93xx.o
      2824         90          8          0          0          0   img.o
       128         18          0          0          0          0   led.o
       272         28          0          0          0          0   memmgr.o
       844         44        236          0          0          0   ov7670.o
       644         22          0          0          0          0   sccb.o
        28          4        236          0      19872          0   stm32f10x.o
       778         72          0          0          0          0   sys.o
      1612        296          0          0          0          0   test.o
       332         34          0          1          0          0   timer.o
       412         40          0          8        200          0   usart.o
      2792       1162         23         24          0          0   usmart.o
         0          0        331        324          0          0   usmart_config.o
      1308         12          0          0          0          0   usmart_str.o
       288         38          0          1          0          0   wdg.o

    ----------------------------------------------------------------------
     25748       2176       3528        368      20088          0   Object Totals
         0          0         32          0          0          0   (incl. Generated)
         2          0          2          1          6          2   (incl. Padding)

    ----------------------------------------------------------------------

      Code (inc. data)   RO Data    RW Data    ZI Data      Debug   Library Member Name

        92          0          0          0          0          0   __dczerorl2.o
         0          0          0          0          0          0   entry.o
         8          4          0          0          0          0   entry2.o
         4          0          0          0          0          0   entry5.o
         8          4          0          0          0          0   entry7.o
        30          0          0          0          0          0   handlers.o
        36          8          0          0          0          0   init.o
         0          0          0          0          0          0   iusefp.o
        30          0          0          0          0          0   llshl.o
        36          0          0          0          0          0   llsshr.o
        32          0          0          0          0          0   llushr.o
       188         20          0          0          0          0   malloc.o
         0          0          0          8          0          0   mvars.o
      1180         54          0          0          0          0   printf8.o
       102          0          0          0          0          0   uldiv.o
        40          2          0          0          0          0   cdcmple.o
        40          2          0          0          0          0   cdrcmple.o
       330          0          0          0          0          0   dadd.o
       222          0          0          0          0          0   ddiv.o
       194          0          0          0          0          0   depilogue.o
        46          0          0          0          0          0   dfixui.o
        34          0          0          0          0          0   dflti.o
        26          0          0          0          0          0   dfltui.o
       226          0          0          0          0          0   dmul.o
       176          0          0          0          0          0   fadd.o
       128          0          0          0          0          0   fdiv.o
       112          0          0          0          0          0   fepilogue.o
        40          0          0          0          0          0   ffixui.o
        10          0          0          0          0          0   ffltui.o
       108          0          0          0          0          0   fmul.o

    ----------------------------------------------------------------------
      3484         94          0          8          0          0   Library Totals
         6          0          0          0          0          0   (incl. Padding)

    ----------------------------------------------------------------------

      Code (inc. data)   RO Data    RW Data    ZI Data      Debug   Library Name

      1746         90          0          8          0        876   mc_w.l
      1732          4          0          0          0       1492   mf_w.l

    ----------------------------------------------------------------------
      3484         94          0          8          0          0   Library Totals

    ----------------------------------------------------------------------

==============================================================================


      Code (inc. data)   RO Data    RW Data    ZI Data      Debug   

     29232       2270       3528        376      20088      59536   Grand Totals
     29232       2270       3528        124      20088      59536   ELF Image Totals (compressed)
     29232       2270       3528        124          0          0   ROM Totals

==============================================================================

    Total RO  Size (Code + RO Data)                32760 (  31.99kB)
    Total RW  Size (RW Data + ZI Data)             20464 (  19.98kB)
    Total ROM Size (Code + RO Data + RW Data)      32884 (  32.11kB)

==============================================================================

