<html>
<body>
<pre>
<h1>µVision Build Log</h1>
<h2>Project:</h2>
E:\STM32\NumRecognize\USER\TEST.uvproj
Project File Date:  03/02/2014

<h2>Output:</h2>
compiling main.c...
main.c(131): warning:  #111-D: statement is unreachable
main.c:         return 0;          
main.c:         ^
main.c: main.c: 1 warning, 0 errors
main.c - 0 Error(s), 1 Warning(s).
compiling main.c...
main.c(131): warning:  #111-D: statement is unreachable
main.c:         return 0;          
main.c:         ^
main.c: main.c: 1 warning, 0 errors
main.c - 0 Error(s), 1 Warning(s).
Build target 'Target 1'
linking...
Program Size: Code=35700 RO-data=3816 RW-data=384 ZI-data=20088  
FromELF: creating hex file...
"TEST.axf" - 0 Error(s), 0 Warning(s).
compiling main.c...
main.c(131): warning:  #111-D: statement is unreachable
main.c:         return 0;          
main.c:         ^
main.c: main.c: 1 warning, 0 errors
main.c - 0 Error(s), 1 Warning(s).
compiling main.c...
main.c(131): warning:  #111-D: statement is unreachable
main.c:         return 0;          
main.c:         ^
main.c: main.c: 1 warning, 0 errors
main.c - 0 Error(s), 1 Warning(s).
Build target 'Target 1'
linking...
Program Size: Code=35704 RO-data=3820 RW-data=384 ZI-data=20088  
FromELF: creating hex file...
"TEST.axf" - 0 Error(s), 0 Warning(s).
